Last login: Mon Jan  6 03:02:53 on ttys000
yuzanoMacBookea:xlsx user$ r

R version 3.6.1 (2019-07-05) -- "Action of the Toes"
Copyright (C) 2019 The R Foundation for Statistical Computing
Platform: x86_64-apple-darwin15.6.0 (64-bit)

R は、自由なソフトウェアであり、「完全に無保証」です。 
一定の条件に従えば、自由にこれを再配布することができます。 
配布条件の詳細に関しては、'license()' あるいは 'licence()' と入力してください。 

R は多くの貢献者による共同プロジェクトです。 
詳しくは 'contributors()' と入力してください。 
また、R や R のパッケージを出版物で引用する際の形式については 
'citation()' と入力してください。 

'demo()' と入力すればデモをみることができます。 
'help()' とすればオンラインヘルプが出ます。 
'help.start()' で HTML ブラウザによるヘルプがみられます。 
'q()' と入力すれば R を終了します。 

> dat <- read.table("result.csv",sep=",", fileEncoding="Shift_JIS")  #失敗(型名がV)
> dat
       V1         V2         V3         V4         V5         V6         V7
1  形容詞       1png       2png       3png       4png       5png       6png
2       1 -0.4117647          0 1.11764706 0.82352941 0.35294118 1.05882353
3       2 -1.3529412 -0.2941176 0.70588235 0.58823529 -0.0588235 -0.3529412
4       3 -0.0588235 0.11764706          1          1 0.35294118 1.35294118
5       4 -1.7058824 -1.3529412 1.70588235 1.58823529 0.70588235 -0.1764706
6       5 -1.3529412 -1.1176471 -0.5294118 -1.0588235          0 -0.8235294
7       6 1.64705882 0.82352941 -1.1764706 -1.1176471 0.17647059 0.58823529
8       7 -1.0588235 -1.7647059 0.88235294 1.11764706 1.35294118 -1.0588235
9       8 0.11764706 -0.2352941 0.35294118 0.35294118 -1.5294118 0.41176471
10      9 -0.2352941 -0.1764706 1.35294118 1.17647059 1.70588235 -0.3529412
11     10 -1.1764706          0 1.47058824 1.35294118     -0.125 -1.2352941
           V8          V9        V10        V11
1        7png        8png       9png      10png
2  1.64705882  1.05882353 -0.2352941          1
3  0.76470588  0.52941176 -0.4705882 0.11764706
4  1.52941176  1.76470588          0 0.29411765
5  0.17647059  0.11767059 -0.8235294 0.35294118
6  -0.2941176  0.11764706         -1 0.52941176
7  -0.8235294  0.17647059 0.41176471 -0.1176471
8  -0.8235294  -0.9411765 -1.7647059 -1.7058824
9  0.76470588  0.58823529 -0.7058824 -1.2352941
10 -0.1764706 0.411764471          0 1.47058824
11 0.94117647  0.05882353         -1 1.35294118
> dat <- read.table("result.csv",sep=",", fileEncoding="Shift_JIS",row.names=1)
> dat
               V2         V3         V4         V5         V6         V7
形容詞       1png       2png       3png       4png       5png       6png
1      -0.4117647          0 1.11764706 0.82352941 0.35294118 1.05882353
2      -1.3529412 -0.2941176 0.70588235 0.58823529 -0.0588235 -0.3529412
3      -0.0588235 0.11764706          1          1 0.35294118 1.35294118
4      -1.7058824 -1.3529412 1.70588235 1.58823529 0.70588235 -0.1764706
5      -1.3529412 -1.1176471 -0.5294118 -1.0588235          0 -0.8235294
6      1.64705882 0.82352941 -1.1764706 -1.1176471 0.17647059 0.58823529
7      -1.0588235 -1.7647059 0.88235294 1.11764706 1.35294118 -1.0588235
8      0.11764706 -0.2352941 0.35294118 0.35294118 -1.5294118 0.41176471
9      -0.2352941 -0.1764706 1.35294118 1.17647059 1.70588235 -0.3529412
10     -1.1764706          0 1.47058824 1.35294118     -0.125 -1.2352941
               V8          V9        V10        V11
形容詞       7png        8png       9png      10png
1      1.64705882  1.05882353 -0.2352941          1
2      0.76470588  0.52941176 -0.4705882 0.11764706
3      1.52941176  1.76470588          0 0.29411765
4      0.17647059  0.11767059 -0.8235294 0.35294118
5      -0.2941176  0.11764706         -1 0.52941176
6      -0.8235294  0.17647059 0.41176471 -0.1176471
7      -0.8235294  -0.9411765 -1.7647059 -1.7058824
8      0.76470588  0.58823529 -0.7058824 -1.2352941
9      -0.1764706 0.411764471          0 1.47058824
10     0.94117647  0.05882353         -1 1.35294118
> cor1 <- cor(dat);
 cor(dat) でエラー:  'x' は数値でなければなりません 
> sapply(dat, class)
      V2       V3       V4       V5       V6       V7       V8       V9 
"factor" "factor" "factor" "factor" "factor" "factor" "factor" "factor" 
     V10      V11 
"factor" "factor" 
> data <- read.csv(file="result.csv",header=T, fileEncoding="Shift_JIS",row.names=1)  #成功(型名がX)
> data
        X1png      X2png      X3png      X4png      X5png      X6png      X7png
1  -0.4117647  0.0000000  1.1176471  0.8235294  0.3529412  1.0588235  1.6470588
2  -1.3529412 -0.2941176  0.7058823  0.5882353 -0.0588235 -0.3529412  0.7647059
3  -0.0588235  0.1176471  1.0000000  1.0000000  0.3529412  1.3529412  1.5294118
4  -1.7058824 -1.3529412  1.7058823  1.5882353  0.7058823 -0.1764706  0.1764706
5  -1.3529412 -1.1176471 -0.5294118 -1.0588235  0.0000000 -0.8235294 -0.2941176
6   1.6470588  0.8235294 -1.1764706 -1.1176471  0.1764706  0.5882353 -0.8235294
7  -1.0588235 -1.7647059  0.8823529  1.1176471  1.3529412 -1.0588235 -0.8235294
8   0.1176471 -0.2352941  0.3529412  0.3529412 -1.5294118  0.4117647  0.7647059
9  -0.2352941 -0.1764706  1.3529412  1.1764706  1.7058823 -0.3529412 -0.1764706
10 -1.1764706  0.0000000  1.4705882  1.3529412 -0.1250000 -1.2352941  0.9411765
         X8png      X9png     X10png
1   1.05882353 -0.2352941  1.0000000
2   0.52941176 -0.4705882  0.1176471
3   1.76470588  0.0000000  0.2941177
4   0.11767059 -0.8235294  0.3529412
5   0.11764706 -1.0000000  0.5294118
6   0.17647059  0.4117647 -0.1176471
7  -0.94117650 -1.7647059 -1.7058824
8   0.58823529 -0.7058824 -1.2352941
9   0.41176447  0.0000000  1.4705882
10  0.05882353 -1.0000000  1.3529412
> sapply(data, class)
    X1png     X2png     X3png     X4png     X5png     X6png     X7png     X8png 
"numeric" "numeric" "numeric" "numeric" "numeric" "numeric" "numeric" "numeric" 
    X9png    X10png 
"numeric" "numeric" 
> cor1 <- cor(data);
> cor1
            X1png      X2png      X3png      X4png       X5png        X6png
X1png   1.0000000  0.7477705 -0.5758048 -0.4784252 -0.15523538  0.596500388
X2png   0.7477705  1.0000000 -0.2974763 -0.2816945 -0.30798262  0.565503790
X3png  -0.5758048 -0.2974763  1.0000000  0.9760417  0.33972625 -0.130658358
X4png  -0.4784252 -0.2816945  0.9760417  1.0000000  0.34915688 -0.109893913
X5png  -0.1552354 -0.3079826  0.3397262  0.3491569  1.00000000 -0.211484719
X6png   0.5965004  0.5655038 -0.1306584 -0.1098939 -0.21148472  1.000000000
X7png  -0.1363754  0.3425941  0.4720210  0.4051206 -0.38365774  0.500764607
X8png   0.2762991  0.5888342  0.1039755  0.0451544 -0.27445244  0.812292017
X9png   0.7064727  0.8452342 -0.2665081 -0.2769955 -0.02134387  0.716260156
X10png -0.1331699  0.3743109  0.3051850  0.1521331  0.24404730  0.009297867
            X7png      X8png       X9png       X10png
X1png  -0.1363754  0.2762991  0.70647265 -0.133169926
X2png   0.3425941  0.5888342  0.84523420  0.374310904
X3png   0.4720210  0.1039755 -0.26650809  0.305184980
X4png   0.4051206  0.0451544 -0.27699551  0.152133092
X5png  -0.3836577 -0.2744524 -0.02134387  0.244047298
X6png   0.5007646  0.8122920  0.71626016  0.009297867
X7png   1.0000000  0.7834184  0.21613516  0.349420352
X8png   0.7834184  1.0000000  0.67564188  0.381213209
X9png   0.2161352  0.6756419  1.00000000  0.429646902
X10png  0.3494204  0.3812132  0.42964690  1.000000000
> eigen1 <- eigen(cor1)
> eigen1
eigen() decomposition
$values
 [1]  4.157643e+00  2.857686e+00  1.388125e+00  8.961403e-01  4.801715e-01
 [6]  1.061529e-01  6.779830e-02  4.210360e-02  4.179411e-03 -5.551115e-17

$vectors
            [,1]         [,2]        [,3]        [,4]        [,5]        [,6]
 [1,] -0.3699458  0.264375270 -0.15569277 -0.33896048  0.38524681  0.24267859
 [2,] -0.4396603 -0.003289917 -0.13309921  0.15228352  0.53026944  0.23281536
 [3,]  0.1841993 -0.527857593 -0.04701233 -0.17185341  0.23247999 -0.20172221
 [4,]  0.1868252 -0.485965957 -0.03321468 -0.33887888  0.38560437 -0.17099980
 [5,]  0.1808107 -0.100327715 -0.69179917 -0.33456101 -0.30606475  0.44664129
 [6,] -0.4074382 -0.103393624  0.11701972 -0.44577716 -0.35458880 -0.02589366
 [7,] -0.2069279 -0.454967179  0.36632809  0.11768054 -0.01659012  0.50919392
 [8,] -0.3869430 -0.298686613  0.13576051 -0.01144633 -0.37713221 -0.03939662
 [9,] -0.4401987 -0.025333771 -0.32397922 -0.03285200 -0.03075317 -0.59632834
[10,] -0.1264460 -0.312556914 -0.45261635  0.62596781 -0.06930367  0.01934901
             [,7]        [,8]        [,9]       [,10]
 [1,] -0.32244487  0.48132679 -0.27671486  0.18597343
 [2,]  0.31824022 -0.25862251  0.33366035 -0.38846109
 [3,] -0.15940488  0.10823122 -0.39878198 -0.60398961
 [4,]  0.05520512  0.03699756  0.43616189  0.49031219
 [5,]  0.24480917 -0.10194953 -0.05160653 -0.02391936
 [6,] -0.50043592 -0.32069588  0.31560273 -0.17777013
 [7,]  0.03966529 -0.27940943 -0.41087015  0.30680581
 [8,]  0.41594079  0.62723715  0.15279705 -0.09454393
 [9,]  0.22704177 -0.29025125 -0.38084458  0.24930294
[10,] -0.47937383  0.13919301  0.15285047  0.10912244
> eigen1 <- eigen(cor1)$values
> eigen1
 [1]  4.157643e+00  2.857686e+00  1.388125e+00  8.961403e-01  4.801715e-01
 [6]  1.061529e-01  6.779830e-02  4.210360e-02  4.179411e-03 -5.551115e-17
> plot(eigen1, type="b", main="Scree Plot",xlab="Number", ylab="Eigenvalue")
> objc[1517]: Class FIFinderSyncExtensionHost is implemented in both /System/Library/PrivateFrameworks/FinderKit.framework/Versions/A/FinderKit (0x7fffae87dcd0) and /System/Library/PrivateFrameworks/FileProvider.framework/OverrideBundles/FinderSyncCollaborationFileProviderOverride.bundle/Contents/MacOS/FinderSyncCollaborationFileProviderOverride (0x10f3bccd8). One of the two will be used. Which one is undefined.

> fit0 <- factanal(x=data, factors=3, rotation="none")
 solve.default(cv) でエラー: 
   システムは数値的に特異です: 条件数の逆数 = 1.73088e-17 
> print(fit0, cutoff=0)
 print(fit0, cutoff = 0) でエラー:  オブジェクト 'fit0' がありません 
> fit1 <- factanal(x=data, factors=3, rotation="varimax")
 solve.default(cv) でエラー: 
   システムは数値的に特異です: 条件数の逆数 = 1.73088e-17 
> print(fit1, cutoff=0)
 print(fit1, cutoff = 0) でエラー:  オブジェクト 'fit1' がありません 
> fit2 <- factanal(x=data, factors=3, rotation="promax")
 solve.default(cv) でエラー: 
   システムは数値的に特異です: 条件数の逆数 = 1.73088e-17 
> print(fit2, cutoff=0)
 print(fit2, cutoff = 0) でエラー:  オブジェクト 'fit2' がありません 
> fit0 <- factanal(x=data, rotation="none")
 factanal(x = data, rotation = "none") でエラー: 
   引数 "factors" がありませんし、省略時既定値もありません 
> fit2 <- factanal(x=data, factors=5, rotation="promax")
 solve.default(cv) でエラー: 
   システムは数値的に特異です: 条件数の逆数 = 1.73088e-17 
> fit0 <- factanal(x=data, factors=10, rotation="none")
 factanal(x = data, factors = 10, rotation = "none") でエラー: 
   10 個の因子は 10 個の変数に対しては多すぎます 
> fit0 <- factanal(x=data, factors=5, rotation="none")
 solve.default(cv) でエラー: 
   システムは数値的に特異です: 条件数の逆数 = 1.73088e-17 
> fit0 <- factanal(x=data, factors=1, rotation="none")
 solve.default(cv) でエラー: 
   システムは数値的に特異です: 条件数の逆数 = 1.73088e-17 
> dat <- read.table("result.csv",sep=",", fileEncoding="Shift_JIS")
> data <- read.csv(file="result.csv",header=T, fileEncoding="Shift_JIS",row.names=1)
> data1 <- read.csv(file="1.csv",header=T, fileEncoding="Shift_JIS",row.names=1)
 read.table(file = file, header = header, sep = sep, quote = quote,  でエラー: 
   重複した 'row.names' は許されません 
> data1 <- read.csv(file="1.csv",header=T, fileEncoding="Shift_JIS",row.names=1)
> cor1 <- cor(data);
> cor1
            X1png      X2png      X3png      X4png       X5png        X6png
X1png   1.0000000  0.7477705 -0.5758048 -0.4784252 -0.15523538  0.596500388
X2png   0.7477705  1.0000000 -0.2974763 -0.2816945 -0.30798262  0.565503790
X3png  -0.5758048 -0.2974763  1.0000000  0.9760417  0.33972625 -0.130658358
X4png  -0.4784252 -0.2816945  0.9760417  1.0000000  0.34915688 -0.109893913
X5png  -0.1552354 -0.3079826  0.3397262  0.3491569  1.00000000 -0.211484719
X6png   0.5965004  0.5655038 -0.1306584 -0.1098939 -0.21148472  1.000000000
X7png  -0.1363754  0.3425941  0.4720210  0.4051206 -0.38365774  0.500764607
X8png   0.2762991  0.5888342  0.1039755  0.0451544 -0.27445244  0.812292017
X9png   0.7064727  0.8452342 -0.2665081 -0.2769955 -0.02134387  0.716260156
X10png -0.1331699  0.3743109  0.3051850  0.1521331  0.24404730  0.009297867
            X7png      X8png       X9png       X10png
X1png  -0.1363754  0.2762991  0.70647265 -0.133169926
X2png   0.3425941  0.5888342  0.84523420  0.374310904
X3png   0.4720210  0.1039755 -0.26650809  0.305184980
X4png   0.4051206  0.0451544 -0.27699551  0.152133092
X5png  -0.3836577 -0.2744524 -0.02134387  0.244047298
X6png   0.5007646  0.8122920  0.71626016  0.009297867
X7png   1.0000000  0.7834184  0.21613516  0.349420352
X8png   0.7834184  1.0000000  0.67564188  0.381213209
X9png   0.2161352  0.6756419  1.00000000  0.429646902
X10png  0.3494204  0.3812132  0.42964690  1.000000000
> cor01 <- cor(data1);
> cor01
             s1          s2         s3          s4         s5          s6
s1   1.00000000  0.34971110  0.7902807 -0.13333333 -0.1613743  0.07150969
s2   0.34971110  1.00000000  0.4213837  0.27250216  0.4643744 -0.16455305
s3   0.79028067  0.42138373  1.0000000 -0.19842545 -0.1218998  0.07176220
s4  -0.13333333  0.27250216 -0.1984254  1.00000000  0.6067674 -0.60385964
s5  -0.16137431  0.46437438 -0.1218998  0.60676739  1.0000000 -0.23387383
s6   0.07150969 -0.16455305  0.0717622 -0.60385964 -0.2338738  1.00000000
s7  -0.10444659  0.13282230 -0.2465544  0.33945143  0.4180039 -0.04979296
s8   0.13081217  0.13338727  0.2425298  0.05907646 -0.2549510  0.23335553
s9  -0.06481812  0.06422937  0.1451462  0.03535534  0.2464752 -0.26967994
s10  0.25281975  0.49251828  0.2119996  0.34426519  0.5583333 -0.01025762
             s7          s8          s9         s10
s1  -0.10444659  0.13081217 -0.06481812  0.25281975
s2   0.13282230  0.13338727  0.06422937  0.49251828
s3  -0.24655440  0.24252980  0.14514619  0.21199958
s4   0.33945143  0.05907646  0.03535534  0.34426519
s5   0.41800391 -0.25495098  0.24647515  0.55833333
s6  -0.04979296  0.23335553 -0.26967994 -0.01025762
s7   1.00000000 -0.06611074 -0.12924607  0.65172653
s8  -0.06611074  1.00000000 -0.56095665  0.03268602
s9  -0.12924607 -0.56095665  1.00000000  0.03803629
s10  0.65172653  0.03268602  0.03803629  1.00000000
> eigen01 <- eigen(cor01)
> eigen01
eigen() decomposition
$values
 [1] 2.90653466 2.32027527 1.66846297 1.18084127 0.69407465 0.44767397
 [7] 0.36578914 0.17748710 0.16067636 0.07818461

$vectors
              [,1]        [,2]        [,3]         [,4]        [,5]        [,6]
 [1,] -0.001559245 -0.56273195  0.16211661  0.003234372 -0.41508890  0.21737604
 [2,]  0.341565791 -0.36404197  0.06392994 -0.104489959  0.45517835  0.43664672
 [3,] -0.015598403 -0.58227843  0.26501372 -0.035472594 -0.05261481 -0.24559558
 [4,]  0.441652216  0.12932582 -0.08803387 -0.469056699 -0.06390907 -0.17847174
 [5,]  0.501136047  0.08305966  0.02095594  0.107685316  0.40757651  0.10302445
 [6,] -0.276779178 -0.16626804 -0.29316312  0.568117752  0.40811378 -0.08729050
 [7,]  0.366639022  0.06955804 -0.36776855  0.351974845 -0.43895477 -0.07998103
 [8,] -0.111533171 -0.29554675 -0.48366691 -0.402277160  0.23423817 -0.52014313
 [9,]  0.139248965  0.11077727  0.63623217  0.205689441  0.13905036 -0.56940657
[10,]  0.440490912 -0.23670886 -0.17687960  0.324690063 -0.11875145 -0.22475454
             [,7]        [,8]        [,9]        [,10]
 [1,] -0.35895822 -0.16289747 -0.28574344  0.447717573
 [2,]  0.49601229 -0.14749248 -0.25092708 -0.084892559
 [3,] -0.04250775 -0.09535965  0.52179391 -0.492912955
 [4,] -0.40558650 -0.20114826 -0.38282082 -0.415938291
 [5,] -0.44576523 -0.06176727  0.47736291  0.350426369
 [6,] -0.33399029 -0.24187172 -0.29763291 -0.232878821
 [7,]  0.31307412 -0.53064166  0.15129714  0.005696467
 [8,]  0.14544186 -0.06324058  0.03346912  0.390848550
 [9,]  0.16667776 -0.19636140 -0.25943122  0.209847382
[10,]  0.04008881  0.71812355 -0.16967426 -0.050122227

> plot(eigen01, type="b", main="Scree Plot",xlab="Number", ylab="Eigenvalue")
 xy.coords(x, y, xlabel, ylabel, log) でエラー: 
  'x' is a list, but does not have components 'x' and 'y'
> eigen1 <- eigen(cor01)$values
> eigen01
eigen() decomposition
$values
 [1] 2.90653466 2.32027527 1.66846297 1.18084127 0.69407465 0.44767397
 [7] 0.36578914 0.17748710 0.16067636 0.07818461

$vectors
              [,1]        [,2]        [,3]         [,4]        [,5]        [,6]
 [1,] -0.001559245 -0.56273195  0.16211661  0.003234372 -0.41508890  0.21737604
 [2,]  0.341565791 -0.36404197  0.06392994 -0.104489959  0.45517835  0.43664672
 [3,] -0.015598403 -0.58227843  0.26501372 -0.035472594 -0.05261481 -0.24559558
 [4,]  0.441652216  0.12932582 -0.08803387 -0.469056699 -0.06390907 -0.17847174
 [5,]  0.501136047  0.08305966  0.02095594  0.107685316  0.40757651  0.10302445
 [6,] -0.276779178 -0.16626804 -0.29316312  0.568117752  0.40811378 -0.08729050
 [7,]  0.366639022  0.06955804 -0.36776855  0.351974845 -0.43895477 -0.07998103
 [8,] -0.111533171 -0.29554675 -0.48366691 -0.402277160  0.23423817 -0.52014313
 [9,]  0.139248965  0.11077727  0.63623217  0.205689441  0.13905036 -0.56940657
[10,]  0.440490912 -0.23670886 -0.17687960  0.324690063 -0.11875145 -0.22475454
             [,7]        [,8]        [,9]        [,10]
 [1,] -0.35895822 -0.16289747 -0.28574344  0.447717573
 [2,]  0.49601229 -0.14749248 -0.25092708 -0.084892559
 [3,] -0.04250775 -0.09535965  0.52179391 -0.492912955
 [4,] -0.40558650 -0.20114826 -0.38282082 -0.415938291
 [5,] -0.44576523 -0.06176727  0.47736291  0.350426369
 [6,] -0.33399029 -0.24187172 -0.29763291 -0.232878821
 [7,]  0.31307412 -0.53064166  0.15129714  0.005696467
 [8,]  0.14544186 -0.06324058  0.03346912  0.390848550
 [9,]  0.16667776 -0.19636140 -0.25943122  0.209847382
[10,]  0.04008881  0.71812355 -0.16967426 -0.050122227

> eigen01 <- eigen(cor01)$values
> eigen01
 [1] 2.90653466 2.32027527 1.66846297 1.18084127 0.69407465 0.44767397
 [7] 0.36578914 0.17748710 0.16067636 0.07818461
> plot(eigen01, type="b", main="Scree Plot",xlab="Number", ylab="Eigenvalue")
> fit01 <- factanal(x=data1, factors=4, rotation="none")
> print(fit01, cutoff=0)

Call:
factanal(x = data1, factors = 4, rotation = "none")

Uniquenesses:
   s1    s2    s3    s4    s5    s6    s7    s8    s9   s10 
0.353 0.598 0.005 0.005 0.376 0.481 0.396 0.368 0.301 0.040 

Loadings:
    Factor1 Factor2 Factor3 Factor4
s1   0.591   0.532   0.054   0.112 
s2   0.085   0.571   0.260  -0.028 
s3   0.765   0.640  -0.035  -0.002 
s4  -0.780   0.619  -0.053   0.004 
s5  -0.482   0.405   0.373  -0.298 
s6   0.440  -0.398   0.278   0.301 
s7  -0.388   0.115   0.658   0.084 
s8   0.119   0.232  -0.094   0.745 
s9   0.066   0.142  -0.032  -0.821 
s10 -0.102   0.499   0.837   0.005 

               Factor1 Factor2 Factor3 Factor4
SS loadings      2.155   2.060   1.435   1.429
Proportion Var   0.215   0.206   0.143   0.143
Cumulative Var   0.215   0.422   0.565   0.708

Test of the hypothesis that 4 factors are sufficient.
The chi square statistic is 7.31 on 11 degrees of freedom.
The p-value is 0.774 
> fit01_v <- factanal(x=data1, factors=4, rotation="varimax")
> print(fit01_v, cutoff=0)

Call:
factanal(x = data1, factors = 4, rotation = "varimax")

Uniquenesses:
   s1    s2    s3    s4    s5    s6    s7    s8    s9   s10 
0.353 0.598 0.005 0.005 0.376 0.481 0.396 0.368 0.301 0.040 

Loadings:
    Factor1 Factor2 Factor3 Factor4
s1   0.792   0.015  -0.095   0.101 
s2   0.480   0.360   0.206  -0.009 
s3   0.989  -0.094  -0.094  -0.011 
s4  -0.079   0.339   0.927   0.121 
s5  -0.027   0.581   0.472  -0.250 
s6   0.013   0.032  -0.689   0.210 
s7  -0.171   0.752   0.067   0.075 
s8   0.248  -0.045   0.002   0.754 
s9   0.150  -0.032   0.168  -0.805 
s10  0.308   0.928   0.060  -0.009 

               Factor1 Factor2 Factor3 Factor4
SS loadings      2.050   2.021   1.653   1.354
Proportion Var   0.205   0.202   0.165   0.135
Cumulative Var   0.205   0.407   0.572   0.708

Test of the hypothesis that 4 factors are sufficient.
The chi square statistic is 7.31 on 11 degrees of freedom.
The p-value is 0.774 
> fit01_p <- factanal(x=data1, factors=4, rotation="promax")
> print(fit01_p, cutoff=0)

Call:
factanal(x = data1, factors = 4, rotation = "promax")

Uniquenesses:
   s1    s2    s3    s4    s5    s6    s7    s8    s9   s10 
0.353 0.598 0.005 0.005 0.376 0.481 0.396 0.368 0.301 0.040 

Loadings:
    Factor1 Factor2 Factor3 Factor4
s1   0.780   0.080  -0.071   0.072 
s2   0.431   0.336   0.180  -0.010 
s3   0.997  -0.021  -0.081  -0.052 
s4  -0.109   0.046   1.014   0.201 
s5  -0.088   0.469   0.371  -0.226 
s6  -0.023   0.251  -0.714   0.169 
s7  -0.286   0.760  -0.018   0.092 
s8   0.217  -0.068   0.217   0.786 
s9   0.199  -0.048  -0.026  -0.840 
s10  0.169   0.975  -0.069  -0.013 

               Factor1 Factor2 Factor3 Factor4
SS loadings      2.005   1.940   1.771   1.460
Proportion Var   0.201   0.194   0.177   0.146
Cumulative Var   0.201   0.395   0.572   0.718

Factor Correlations:
        Factor1 Factor2 Factor3 Factor4
Factor1  1.0000  0.0299 -0.4128 -0.3079
Factor2  0.0299  1.0000  0.0900 -0.0906
Factor3 -0.4128  0.0900  1.0000  0.0686
Factor4 -0.3079 -0.0906  0.0686  1.0000

Test of the hypothesis that 4 factors are sufficient.
The chi square statistic is 7.31 on 11 degrees of freedom.
The p-value is 0.774 
> data2 <- read.csv(file="2.csv",header=T, fileEncoding="Shift_JIS",row.names=1)
 file(file, "rt", encoding = fileEncoding) でエラー: 
   コネクションを開くことができません 
 追加情報:  警告メッセージ: 
 file(file, "rt", encoding = fileEncoding) で: 
   ファイル '2.csv' を開くことができません: No such file or directory 
> data
        X1png      X2png      X3png      X4png      X5png      X6png      X7png
1  -0.4117647  0.0000000  1.1176471  0.8235294  0.3529412  1.0588235  1.6470588
2  -1.3529412 -0.2941176  0.7058823  0.5882353 -0.0588235 -0.3529412  0.7647059
3  -0.0588235  0.1176471  1.0000000  1.0000000  0.3529412  1.3529412  1.5294118
4  -1.7058824 -1.3529412  1.7058823  1.5882353  0.7058823 -0.1764706  0.1764706
5  -1.3529412 -1.1176471 -0.5294118 -1.0588235  0.0000000 -0.8235294 -0.2941176
6   1.6470588  0.8235294 -1.1764706 -1.1176471  0.1764706  0.5882353 -0.8235294
7  -1.0588235 -1.7647059  0.8823529  1.1176471  1.3529412 -1.0588235 -0.8235294
8   0.1176471 -0.2352941  0.3529412  0.3529412 -1.5294118  0.4117647  0.7647059
9  -0.2352941 -0.1764706  1.3529412  1.1764706  1.7058823 -0.3529412 -0.1764706
10 -1.1764706  0.0000000  1.4705882  1.3529412 -0.1250000 -1.2352941  0.9411765
         X8png      X9png     X10png
1   1.05882353 -0.2352941  1.0000000
2   0.52941176 -0.4705882  0.1176471
3   1.76470588  0.0000000  0.2941177
4   0.11767059 -0.8235294  0.3529412
5   0.11764706 -1.0000000  0.5294118
6   0.17647059  0.4117647 -0.1176471
7  -0.94117650 -1.7647059 -1.7058824
8   0.58823529 -0.7058824 -1.2352941
9   0.41176447  0.0000000  1.4705882
10  0.05882353 -1.0000000  1.3529412
> D <- read.csv(file="result2.csv",header=T, fileEncoding="Shift_JIS",row.names=1)
> D
             快い     嬉しい     美しい     新しい   日本的な   むなしい
1.png  -0.4117647 -1.3529412 -0.0588235 -1.7058824 -1.3529412  1.6470588
2.png   0.0000000 -0.2941176  0.1176471 -1.3529412 -1.1176471  0.8235294
3.png   1.1176471  0.7058823  1.0000000  1.7058823 -0.5294118 -1.1764706
4.png   0.8235294  0.5882353  1.0000000  1.5882353 -1.0588235 -1.1176471
5.png   0.3529412 -0.0588235  0.3529412  0.7058823  0.0000000  0.1764706
6.png   1.0588235 -0.3529412  1.3529412 -0.1764706 -0.8235294  0.5882353
7.png   1.6470588  0.7647059  1.5294118  0.1764706 -0.2941176 -0.8235294
8.png   1.0588235  0.5294118  1.7647059  0.1176706  0.1176471  0.1764706
9.png  -0.2352941 -0.4705882  0.0000000 -0.8235294 -1.0000000  0.4117647
10.png  1.0000000  0.1176471  0.2941177  0.3529412  0.5294118 -0.1176471
         都会的な 変化のある 秩序のある      安心な
1.png  -1.0588235  0.1176471 -0.2352941 -1.17647060
2.png  -1.7647059 -0.2352941 -0.1764706  0.00000000
3.png   0.8823529  0.3529412  1.3529412  1.47058824
4.png   1.1176471  0.3529412  1.1764706  1.35294118
5.png   1.3529412 -1.5294118  1.7058823 -0.12500000
6.png  -1.0588235  0.4117647 -0.3529412 -1.23529410
7.png  -0.8235294  0.7647059 -0.1764706  0.94117647
8.png  -0.9411765  0.5882353  0.4117645  0.05882353
9.png  -1.7647059 -0.7058824  0.0000000 -1.00000000
10.png -1.7058824 -1.2352941  1.4705882  1.35294118
> mns <-D$むなしい
> mns
 [1]  1.6470588  0.8235294 -1.1764706 -1.1176471  0.1764706  0.5882353
 [7] -0.8235294  0.1764706  0.4117647 -0.1176471
> kkr <-D$快い
> urs <-D$嬉しい
> utk <-D$美しい
> atr <-D$新しい
> nhn <-D$日本的な
> tki <-D$都会的な
> hnk <-D$変化のある
> ttz <-D$秩序のある
> ans <-D$安心な
> r<-lm(formula=mns~kkr*urs*utk*atr*nhn*tki*hnk*ttz*ans)
> summary(r)

Call:
lm(formula = mns ~ kkr * urs * utk * atr * nhn * tki * hnk * 
    ttz * ans)

Residuals:
ALL 10 residuals are 0: no residual degrees of freedom!

Coefficients: (502 not defined because of singularities)
                                    Estimate Std. Error t value Pr(>|t|)
(Intercept)                          -2.8606         NA      NA       NA
kkr                                   1.3427         NA      NA       NA
urs                                   0.3177         NA      NA       NA
utk                                   0.2610         NA      NA       NA
atr                                  -1.8837         NA      NA       NA
nhn                                  -1.2664         NA      NA       NA
tki                                  -0.1754         NA      NA       NA
hnk                                   0.2989         NA      NA       NA
ttz                                   2.5859         NA      NA       NA
ans                                  -0.8215         NA      NA       NA
kkr:urs                                   NA         NA      NA       NA
kkr:utk                                   NA         NA      NA       NA
urs:utk                                   NA         NA      NA       NA
kkr:atr                                   NA         NA      NA       NA
urs:atr                                   NA         NA      NA       NA
utk:atr                                   NA         NA      NA       NA
kkr:nhn                                   NA         NA      NA       NA
urs:nhn                                   NA         NA      NA       NA
utk:nhn                                   NA         NA      NA       NA
atr:nhn                                   NA         NA      NA       NA
kkr:tki                                   NA         NA      NA       NA
urs:tki                                   NA         NA      NA       NA
utk:tki                                   NA         NA      NA       NA
atr:tki                                   NA         NA      NA       NA
nhn:tki                                   NA         NA      NA       NA
kkr:hnk                                   NA         NA      NA       NA
urs:hnk                                   NA         NA      NA       NA
utk:hnk                                   NA         NA      NA       NA
atr:hnk                                   NA         NA      NA       NA
nhn:hnk                                   NA         NA      NA       NA
tki:hnk                                   NA         NA      NA       NA
kkr:ttz                                   NA         NA      NA       NA
urs:ttz                                   NA         NA      NA       NA
utk:ttz                                   NA         NA      NA       NA
atr:ttz                                   NA         NA      NA       NA
nhn:ttz                                   NA         NA      NA       NA
tki:ttz                                   NA         NA      NA       NA
hnk:ttz                                   NA         NA      NA       NA
kkr:ans                                   NA         NA      NA       NA
urs:ans                                   NA         NA      NA       NA
utk:ans                                   NA         NA      NA       NA
atr:ans                                   NA         NA      NA       NA
nhn:ans                                   NA         NA      NA       NA
tki:ans                                   NA         NA      NA       NA
hnk:ans                                   NA         NA      NA       NA
ttz:ans                                   NA         NA      NA       NA
kkr:urs:utk                               NA         NA      NA       NA
kkr:urs:atr                               NA         NA      NA       NA
kkr:utk:atr                               NA         NA      NA       NA
urs:utk:atr                               NA         NA      NA       NA
kkr:urs:nhn                               NA         NA      NA       NA
kkr:utk:nhn                               NA         NA      NA       NA
urs:utk:nhn                               NA         NA      NA       NA
kkr:atr:nhn                               NA         NA      NA       NA
urs:atr:nhn                               NA         NA      NA       NA
utk:atr:nhn                               NA         NA      NA       NA
kkr:urs:tki                               NA         NA      NA       NA
kkr:utk:tki                               NA         NA      NA       NA
urs:utk:tki                               NA         NA      NA       NA
kkr:atr:tki                               NA         NA      NA       NA
urs:atr:tki                               NA         NA      NA       NA
utk:atr:tki                               NA         NA      NA       NA
kkr:nhn:tki                               NA         NA      NA       NA
urs:nhn:tki                               NA         NA      NA       NA
utk:nhn:tki                               NA         NA      NA       NA
atr:nhn:tki                               NA         NA      NA       NA
kkr:urs:hnk                               NA         NA      NA       NA
kkr:utk:hnk                               NA         NA      NA       NA
urs:utk:hnk                               NA         NA      NA       NA
kkr:atr:hnk                               NA         NA      NA       NA
urs:atr:hnk                               NA         NA      NA       NA
utk:atr:hnk                               NA         NA      NA       NA
kkr:nhn:hnk                               NA         NA      NA       NA
urs:nhn:hnk                               NA         NA      NA       NA
utk:nhn:hnk                               NA         NA      NA       NA
atr:nhn:hnk                               NA         NA      NA       NA
kkr:tki:hnk                               NA         NA      NA       NA
urs:tki:hnk                               NA         NA      NA       NA
utk:tki:hnk                               NA         NA      NA       NA
atr:tki:hnk                               NA         NA      NA       NA
nhn:tki:hnk                               NA         NA      NA       NA
kkr:urs:ttz                               NA         NA      NA       NA
kkr:utk:ttz                               NA         NA      NA       NA
urs:utk:ttz                               NA         NA      NA       NA
kkr:atr:ttz                               NA         NA      NA       NA
urs:atr:ttz                               NA         NA      NA       NA
utk:atr:ttz                               NA         NA      NA       NA
kkr:nhn:ttz                               NA         NA      NA       NA
urs:nhn:ttz                               NA         NA      NA       NA
utk:nhn:ttz                               NA         NA      NA       NA
atr:nhn:ttz                               NA         NA      NA       NA
kkr:tki:ttz                               NA         NA      NA       NA
urs:tki:ttz                               NA         NA      NA       NA
utk:tki:ttz                               NA         NA      NA       NA
atr:tki:ttz                               NA         NA      NA       NA
nhn:tki:ttz                               NA         NA      NA       NA
kkr:hnk:ttz                               NA         NA      NA       NA
urs:hnk:ttz                               NA         NA      NA       NA
utk:hnk:ttz                               NA         NA      NA       NA
atr:hnk:ttz                               NA         NA      NA       NA
nhn:hnk:ttz                               NA         NA      NA       NA
tki:hnk:ttz                               NA         NA      NA       NA
kkr:urs:ans                               NA         NA      NA       NA
kkr:utk:ans                               NA         NA      NA       NA
urs:utk:ans                               NA         NA      NA       NA
kkr:atr:ans                               NA         NA      NA       NA
urs:atr:ans                               NA         NA      NA       NA
utk:atr:ans                               NA         NA      NA       NA
kkr:nhn:ans                               NA         NA      NA       NA
urs:nhn:ans                               NA         NA      NA       NA
utk:nhn:ans                               NA         NA      NA       NA
atr:nhn:ans                               NA         NA      NA       NA
kkr:tki:ans                               NA         NA      NA       NA
urs:tki:ans                               NA         NA      NA       NA
utk:tki:ans                               NA         NA      NA       NA
atr:tki:ans                               NA         NA      NA       NA
nhn:tki:ans                               NA         NA      NA       NA
kkr:hnk:ans                               NA         NA      NA       NA
urs:hnk:ans                               NA         NA      NA       NA
utk:hnk:ans                               NA         NA      NA       NA
atr:hnk:ans                               NA         NA      NA       NA
nhn:hnk:ans                               NA         NA      NA       NA
tki:hnk:ans                               NA         NA      NA       NA
kkr:ttz:ans                               NA         NA      NA       NA
urs:ttz:ans                               NA         NA      NA       NA
utk:ttz:ans                               NA         NA      NA       NA
atr:ttz:ans                               NA         NA      NA       NA
nhn:ttz:ans                               NA         NA      NA       NA
tki:ttz:ans                               NA         NA      NA       NA
hnk:ttz:ans                               NA         NA      NA       NA
kkr:urs:utk:atr                           NA         NA      NA       NA
kkr:urs:utk:nhn                           NA         NA      NA       NA
kkr:urs:atr:nhn                           NA         NA      NA       NA
kkr:utk:atr:nhn                           NA         NA      NA       NA
urs:utk:atr:nhn                           NA         NA      NA       NA
kkr:urs:utk:tki                           NA         NA      NA       NA
kkr:urs:atr:tki                           NA         NA      NA       NA
kkr:utk:atr:tki                           NA         NA      NA       NA
urs:utk:atr:tki                           NA         NA      NA       NA
kkr:urs:nhn:tki                           NA         NA      NA       NA
kkr:utk:nhn:tki                           NA         NA      NA       NA
urs:utk:nhn:tki                           NA         NA      NA       NA
kkr:atr:nhn:tki                           NA         NA      NA       NA
urs:atr:nhn:tki                           NA         NA      NA       NA
utk:atr:nhn:tki                           NA         NA      NA       NA
kkr:urs:utk:hnk                           NA         NA      NA       NA
kkr:urs:atr:hnk                           NA         NA      NA       NA
kkr:utk:atr:hnk                           NA         NA      NA       NA
urs:utk:atr:hnk                           NA         NA      NA       NA
kkr:urs:nhn:hnk                           NA         NA      NA       NA
kkr:utk:nhn:hnk                           NA         NA      NA       NA
urs:utk:nhn:hnk                           NA         NA      NA       NA
kkr:atr:nhn:hnk                           NA         NA      NA       NA
urs:atr:nhn:hnk                           NA         NA      NA       NA
utk:atr:nhn:hnk                           NA         NA      NA       NA
kkr:urs:tki:hnk                           NA         NA      NA       NA
kkr:utk:tki:hnk                           NA         NA      NA       NA
urs:utk:tki:hnk                           NA         NA      NA       NA
kkr:atr:tki:hnk                           NA         NA      NA       NA
urs:atr:tki:hnk                           NA         NA      NA       NA
utk:atr:tki:hnk                           NA         NA      NA       NA
kkr:nhn:tki:hnk                           NA         NA      NA       NA
urs:nhn:tki:hnk                           NA         NA      NA       NA
utk:nhn:tki:hnk                           NA         NA      NA       NA
atr:nhn:tki:hnk                           NA         NA      NA       NA
kkr:urs:utk:ttz                           NA         NA      NA       NA
kkr:urs:atr:ttz                           NA         NA      NA       NA
kkr:utk:atr:ttz                           NA         NA      NA       NA
urs:utk:atr:ttz                           NA         NA      NA       NA
kkr:urs:nhn:ttz                           NA         NA      NA       NA
kkr:utk:nhn:ttz                           NA         NA      NA       NA
urs:utk:nhn:ttz                           NA         NA      NA       NA
kkr:atr:nhn:ttz                           NA         NA      NA       NA
urs:atr:nhn:ttz                           NA         NA      NA       NA
utk:atr:nhn:ttz                           NA         NA      NA       NA
kkr:urs:tki:ttz                           NA         NA      NA       NA
kkr:utk:tki:ttz                           NA         NA      NA       NA
urs:utk:tki:ttz                           NA         NA      NA       NA
kkr:atr:tki:ttz                           NA         NA      NA       NA
urs:atr:tki:ttz                           NA         NA      NA       NA
utk:atr:tki:ttz                           NA         NA      NA       NA
kkr:nhn:tki:ttz                           NA         NA      NA       NA
urs:nhn:tki:ttz                           NA         NA      NA       NA
utk:nhn:tki:ttz                           NA         NA      NA       NA
atr:nhn:tki:ttz                           NA         NA      NA       NA
kkr:urs:hnk:ttz                           NA         NA      NA       NA
kkr:utk:hnk:ttz                           NA         NA      NA       NA
urs:utk:hnk:ttz                           NA         NA      NA       NA
kkr:atr:hnk:ttz                           NA         NA      NA       NA
urs:atr:hnk:ttz                           NA         NA      NA       NA
utk:atr:hnk:ttz                           NA         NA      NA       NA
kkr:nhn:hnk:ttz                           NA         NA      NA       NA
urs:nhn:hnk:ttz                           NA         NA      NA       NA
utk:nhn:hnk:ttz                           NA         NA      NA       NA
atr:nhn:hnk:ttz                           NA         NA      NA       NA
kkr:tki:hnk:ttz                           NA         NA      NA       NA
urs:tki:hnk:ttz                           NA         NA      NA       NA
utk:tki:hnk:ttz                           NA         NA      NA       NA
atr:tki:hnk:ttz                           NA         NA      NA       NA
nhn:tki:hnk:ttz                           NA         NA      NA       NA
kkr:urs:utk:ans                           NA         NA      NA       NA
kkr:urs:atr:ans                           NA         NA      NA       NA
kkr:utk:atr:ans                           NA         NA      NA       NA
urs:utk:atr:ans                           NA         NA      NA       NA
kkr:urs:nhn:ans                           NA         NA      NA       NA
kkr:utk:nhn:ans                           NA         NA      NA       NA
urs:utk:nhn:ans                           NA         NA      NA       NA
kkr:atr:nhn:ans                           NA         NA      NA       NA
urs:atr:nhn:ans                           NA         NA      NA       NA
utk:atr:nhn:ans                           NA         NA      NA       NA
kkr:urs:tki:ans                           NA         NA      NA       NA
kkr:utk:tki:ans                           NA         NA      NA       NA
urs:utk:tki:ans                           NA         NA      NA       NA
kkr:atr:tki:ans                           NA         NA      NA       NA
urs:atr:tki:ans                           NA         NA      NA       NA
utk:atr:tki:ans                           NA         NA      NA       NA
kkr:nhn:tki:ans                           NA         NA      NA       NA
urs:nhn:tki:ans                           NA         NA      NA       NA
utk:nhn:tki:ans                           NA         NA      NA       NA
atr:nhn:tki:ans                           NA         NA      NA       NA
kkr:urs:hnk:ans                           NA         NA      NA       NA
kkr:utk:hnk:ans                           NA         NA      NA       NA
urs:utk:hnk:ans                           NA         NA      NA       NA
kkr:atr:hnk:ans                           NA         NA      NA       NA
urs:atr:hnk:ans                           NA         NA      NA       NA
utk:atr:hnk:ans                           NA         NA      NA       NA
kkr:nhn:hnk:ans                           NA         NA      NA       NA
urs:nhn:hnk:ans                           NA         NA      NA       NA
utk:nhn:hnk:ans                           NA         NA      NA       NA
atr:nhn:hnk:ans                           NA         NA      NA       NA
kkr:tki:hnk:ans                           NA         NA      NA       NA
urs:tki:hnk:ans                           NA         NA      NA       NA
utk:tki:hnk:ans                           NA         NA      NA       NA
atr:tki:hnk:ans                           NA         NA      NA       NA
nhn:tki:hnk:ans                           NA         NA      NA       NA
kkr:urs:ttz:ans                           NA         NA      NA       NA
kkr:utk:ttz:ans                           NA         NA      NA       NA
urs:utk:ttz:ans                           NA         NA      NA       NA
kkr:atr:ttz:ans                           NA         NA      NA       NA
urs:atr:ttz:ans                           NA         NA      NA       NA
utk:atr:ttz:ans                           NA         NA      NA       NA
kkr:nhn:ttz:ans                           NA         NA      NA       NA
urs:nhn:ttz:ans                           NA         NA      NA       NA
utk:nhn:ttz:ans                           NA         NA      NA       NA
atr:nhn:ttz:ans                           NA         NA      NA       NA
kkr:tki:ttz:ans                           NA         NA      NA       NA
urs:tki:ttz:ans                           NA         NA      NA       NA
utk:tki:ttz:ans                           NA         NA      NA       NA
atr:tki:ttz:ans                           NA         NA      NA       NA
nhn:tki:ttz:ans                           NA         NA      NA       NA
kkr:hnk:ttz:ans                           NA         NA      NA       NA
urs:hnk:ttz:ans                           NA         NA      NA       NA
utk:hnk:ttz:ans                           NA         NA      NA       NA
atr:hnk:ttz:ans                           NA         NA      NA       NA
nhn:hnk:ttz:ans                           NA         NA      NA       NA
tki:hnk:ttz:ans                           NA         NA      NA       NA
kkr:urs:utk:atr:nhn                       NA         NA      NA       NA
kkr:urs:utk:atr:tki                       NA         NA      NA       NA
kkr:urs:utk:nhn:tki                       NA         NA      NA       NA
kkr:urs:atr:nhn:tki                       NA         NA      NA       NA
kkr:utk:atr:nhn:tki                       NA         NA      NA       NA
urs:utk:atr:nhn:tki                       NA         NA      NA       NA
kkr:urs:utk:atr:hnk                       NA         NA      NA       NA
kkr:urs:utk:nhn:hnk                       NA         NA      NA       NA
kkr:urs:atr:nhn:hnk                       NA         NA      NA       NA
kkr:utk:atr:nhn:hnk                       NA         NA      NA       NA
urs:utk:atr:nhn:hnk                       NA         NA      NA       NA
kkr:urs:utk:tki:hnk                       NA         NA      NA       NA
kkr:urs:atr:tki:hnk                       NA         NA      NA       NA
kkr:utk:atr:tki:hnk                       NA         NA      NA       NA
urs:utk:atr:tki:hnk                       NA         NA      NA       NA
kkr:urs:nhn:tki:hnk                       NA         NA      NA       NA
kkr:utk:nhn:tki:hnk                       NA         NA      NA       NA
urs:utk:nhn:tki:hnk                       NA         NA      NA       NA
kkr:atr:nhn:tki:hnk                       NA         NA      NA       NA
urs:atr:nhn:tki:hnk                       NA         NA      NA       NA
utk:atr:nhn:tki:hnk                       NA         NA      NA       NA
kkr:urs:utk:atr:ttz                       NA         NA      NA       NA
kkr:urs:utk:nhn:ttz                       NA         NA      NA       NA
kkr:urs:atr:nhn:ttz                       NA         NA      NA       NA
kkr:utk:atr:nhn:ttz                       NA         NA      NA       NA
urs:utk:atr:nhn:ttz                       NA         NA      NA       NA
kkr:urs:utk:tki:ttz                       NA         NA      NA       NA
kkr:urs:atr:tki:ttz                       NA         NA      NA       NA
kkr:utk:atr:tki:ttz                       NA         NA      NA       NA
urs:utk:atr:tki:ttz                       NA         NA      NA       NA
kkr:urs:nhn:tki:ttz                       NA         NA      NA       NA
kkr:utk:nhn:tki:ttz                       NA         NA      NA       NA
urs:utk:nhn:tki:ttz                       NA         NA      NA       NA
kkr:atr:nhn:tki:ttz                       NA         NA      NA       NA
urs:atr:nhn:tki:ttz                       NA         NA      NA       NA
utk:atr:nhn:tki:ttz                       NA         NA      NA       NA
kkr:urs:utk:hnk:ttz                       NA         NA      NA       NA
kkr:urs:atr:hnk:ttz                       NA         NA      NA       NA
kkr:utk:atr:hnk:ttz                       NA         NA      NA       NA
urs:utk:atr:hnk:ttz                       NA         NA      NA       NA
kkr:urs:nhn:hnk:ttz                       NA         NA      NA       NA
kkr:utk:nhn:hnk:ttz                       NA         NA      NA       NA
urs:utk:nhn:hnk:ttz                       NA         NA      NA       NA
kkr:atr:nhn:hnk:ttz                       NA         NA      NA       NA
urs:atr:nhn:hnk:ttz                       NA         NA      NA       NA
utk:atr:nhn:hnk:ttz                       NA         NA      NA       NA
kkr:urs:tki:hnk:ttz                       NA         NA      NA       NA
kkr:utk:tki:hnk:ttz                       NA         NA      NA       NA
urs:utk:tki:hnk:ttz                       NA         NA      NA       NA
kkr:atr:tki:hnk:ttz                       NA         NA      NA       NA
urs:atr:tki:hnk:ttz                       NA         NA      NA       NA
utk:atr:tki:hnk:ttz                       NA         NA      NA       NA
kkr:nhn:tki:hnk:ttz                       NA         NA      NA       NA
urs:nhn:tki:hnk:ttz                       NA         NA      NA       NA
utk:nhn:tki:hnk:ttz                       NA         NA      NA       NA
atr:nhn:tki:hnk:ttz                       NA         NA      NA       NA
kkr:urs:utk:atr:ans                       NA         NA      NA       NA
kkr:urs:utk:nhn:ans                       NA         NA      NA       NA
kkr:urs:atr:nhn:ans                       NA         NA      NA       NA
kkr:utk:atr:nhn:ans                       NA         NA      NA       NA
urs:utk:atr:nhn:ans                       NA         NA      NA       NA
kkr:urs:utk:tki:ans                       NA         NA      NA       NA
kkr:urs:atr:tki:ans                       NA         NA      NA       NA
kkr:utk:atr:tki:ans                       NA         NA      NA       NA
urs:utk:atr:tki:ans                       NA         NA      NA       NA
kkr:urs:nhn:tki:ans                       NA         NA      NA       NA
kkr:utk:nhn:tki:ans                       NA         NA      NA       NA
urs:utk:nhn:tki:ans                       NA         NA      NA       NA
kkr:atr:nhn:tki:ans                       NA         NA      NA       NA
urs:atr:nhn:tki:ans                       NA         NA      NA       NA
utk:atr:nhn:tki:ans                       NA         NA      NA       NA
kkr:urs:utk:hnk:ans                       NA         NA      NA       NA
kkr:urs:atr:hnk:ans                       NA         NA      NA       NA
kkr:utk:atr:hnk:ans                       NA         NA      NA       NA
urs:utk:atr:hnk:ans                       NA         NA      NA       NA
kkr:urs:nhn:hnk:ans                       NA         NA      NA       NA
kkr:utk:nhn:hnk:ans                       NA         NA      NA       NA
urs:utk:nhn:hnk:ans                       NA         NA      NA       NA
kkr:atr:nhn:hnk:ans                       NA         NA      NA       NA
urs:atr:nhn:hnk:ans                       NA         NA      NA       NA
utk:atr:nhn:hnk:ans                       NA         NA      NA       NA
kkr:urs:tki:hnk:ans                       NA         NA      NA       NA
kkr:utk:tki:hnk:ans                       NA         NA      NA       NA
urs:utk:tki:hnk:ans                       NA         NA      NA       NA
kkr:atr:tki:hnk:ans                       NA         NA      NA       NA
urs:atr:tki:hnk:ans                       NA         NA      NA       NA
utk:atr:tki:hnk:ans                       NA         NA      NA       NA
kkr:nhn:tki:hnk:ans                       NA         NA      NA       NA
urs:nhn:tki:hnk:ans                       NA         NA      NA       NA
utk:nhn:tki:hnk:ans                       NA         NA      NA       NA
atr:nhn:tki:hnk:ans                       NA         NA      NA       NA
kkr:urs:utk:ttz:ans                       NA         NA      NA       NA
kkr:urs:atr:ttz:ans                       NA         NA      NA       NA
kkr:utk:atr:ttz:ans                       NA         NA      NA       NA
urs:utk:atr:ttz:ans                       NA         NA      NA       NA
kkr:urs:nhn:ttz:ans                       NA         NA      NA       NA
kkr:utk:nhn:ttz:ans                       NA         NA      NA       NA
urs:utk:nhn:ttz:ans                       NA         NA      NA       NA
kkr:atr:nhn:ttz:ans                       NA         NA      NA       NA
urs:atr:nhn:ttz:ans                       NA         NA      NA       NA
utk:atr:nhn:ttz:ans                       NA         NA      NA       NA
kkr:urs:tki:ttz:ans                       NA         NA      NA       NA
kkr:utk:tki:ttz:ans                       NA         NA      NA       NA
urs:utk:tki:ttz:ans                       NA         NA      NA       NA
kkr:atr:tki:ttz:ans                       NA         NA      NA       NA
urs:atr:tki:ttz:ans                       NA         NA      NA       NA
utk:atr:tki:ttz:ans                       NA         NA      NA       NA
kkr:nhn:tki:ttz:ans                       NA         NA      NA       NA
urs:nhn:tki:ttz:ans                       NA         NA      NA       NA
utk:nhn:tki:ttz:ans                       NA         NA      NA       NA
atr:nhn:tki:ttz:ans                       NA         NA      NA       NA
kkr:urs:hnk:ttz:ans                       NA         NA      NA       NA
kkr:utk:hnk:ttz:ans                       NA         NA      NA       NA
urs:utk:hnk:ttz:ans                       NA         NA      NA       NA
kkr:atr:hnk:ttz:ans                       NA         NA      NA       NA
urs:atr:hnk:ttz:ans                       NA         NA      NA       NA
utk:atr:hnk:ttz:ans                       NA         NA      NA       NA
kkr:nhn:hnk:ttz:ans                       NA         NA      NA       NA
urs:nhn:hnk:ttz:ans                       NA         NA      NA       NA
utk:nhn:hnk:ttz:ans                       NA         NA      NA       NA
atr:nhn:hnk:ttz:ans                       NA         NA      NA       NA
kkr:tki:hnk:ttz:ans                       NA         NA      NA       NA
urs:tki:hnk:ttz:ans                       NA         NA      NA       NA
utk:tki:hnk:ttz:ans                       NA         NA      NA       NA
atr:tki:hnk:ttz:ans                       NA         NA      NA       NA
nhn:tki:hnk:ttz:ans                       NA         NA      NA       NA
kkr:urs:utk:atr:nhn:tki                   NA         NA      NA       NA
kkr:urs:utk:atr:nhn:hnk                   NA         NA      NA       NA
kkr:urs:utk:atr:tki:hnk                   NA         NA      NA       NA
kkr:urs:utk:nhn:tki:hnk                   NA         NA      NA       NA
kkr:urs:atr:nhn:tki:hnk                   NA         NA      NA       NA
kkr:utk:atr:nhn:tki:hnk                   NA         NA      NA       NA
urs:utk:atr:nhn:tki:hnk                   NA         NA      NA       NA
kkr:urs:utk:atr:nhn:ttz                   NA         NA      NA       NA
kkr:urs:utk:atr:tki:ttz                   NA         NA      NA       NA
kkr:urs:utk:nhn:tki:ttz                   NA         NA      NA       NA
kkr:urs:atr:nhn:tki:ttz                   NA         NA      NA       NA
kkr:utk:atr:nhn:tki:ttz                   NA         NA      NA       NA
urs:utk:atr:nhn:tki:ttz                   NA         NA      NA       NA
kkr:urs:utk:atr:hnk:ttz                   NA         NA      NA       NA
kkr:urs:utk:nhn:hnk:ttz                   NA         NA      NA       NA
kkr:urs:atr:nhn:hnk:ttz                   NA         NA      NA       NA
kkr:utk:atr:nhn:hnk:ttz                   NA         NA      NA       NA
urs:utk:atr:nhn:hnk:ttz                   NA         NA      NA       NA
kkr:urs:utk:tki:hnk:ttz                   NA         NA      NA       NA
kkr:urs:atr:tki:hnk:ttz                   NA         NA      NA       NA
kkr:utk:atr:tki:hnk:ttz                   NA         NA      NA       NA
urs:utk:atr:tki:hnk:ttz                   NA         NA      NA       NA
kkr:urs:nhn:tki:hnk:ttz                   NA         NA      NA       NA
kkr:utk:nhn:tki:hnk:ttz                   NA         NA      NA       NA
urs:utk:nhn:tki:hnk:ttz                   NA         NA      NA       NA
kkr:atr:nhn:tki:hnk:ttz                   NA         NA      NA       NA
urs:atr:nhn:tki:hnk:ttz                   NA         NA      NA       NA
utk:atr:nhn:tki:hnk:ttz                   NA         NA      NA       NA
kkr:urs:utk:atr:nhn:ans                   NA         NA      NA       NA
kkr:urs:utk:atr:tki:ans                   NA         NA      NA       NA
kkr:urs:utk:nhn:tki:ans                   NA         NA      NA       NA
kkr:urs:atr:nhn:tki:ans                   NA         NA      NA       NA
kkr:utk:atr:nhn:tki:ans                   NA         NA      NA       NA
urs:utk:atr:nhn:tki:ans                   NA         NA      NA       NA
kkr:urs:utk:atr:hnk:ans                   NA         NA      NA       NA
kkr:urs:utk:nhn:hnk:ans                   NA         NA      NA       NA
kkr:urs:atr:nhn:hnk:ans                   NA         NA      NA       NA
kkr:utk:atr:nhn:hnk:ans                   NA         NA      NA       NA
urs:utk:atr:nhn:hnk:ans                   NA         NA      NA       NA
kkr:urs:utk:tki:hnk:ans                   NA         NA      NA       NA
kkr:urs:atr:tki:hnk:ans                   NA         NA      NA       NA
kkr:utk:atr:tki:hnk:ans                   NA         NA      NA       NA
urs:utk:atr:tki:hnk:ans                   NA         NA      NA       NA
kkr:urs:nhn:tki:hnk:ans                   NA         NA      NA       NA
kkr:utk:nhn:tki:hnk:ans                   NA         NA      NA       NA
urs:utk:nhn:tki:hnk:ans                   NA         NA      NA       NA
kkr:atr:nhn:tki:hnk:ans                   NA         NA      NA       NA
urs:atr:nhn:tki:hnk:ans                   NA         NA      NA       NA
utk:atr:nhn:tki:hnk:ans                   NA         NA      NA       NA
kkr:urs:utk:atr:ttz:ans                   NA         NA      NA       NA
kkr:urs:utk:nhn:ttz:ans                   NA         NA      NA       NA
kkr:urs:atr:nhn:ttz:ans                   NA         NA      NA       NA
kkr:utk:atr:nhn:ttz:ans                   NA         NA      NA       NA
urs:utk:atr:nhn:ttz:ans                   NA         NA      NA       NA
kkr:urs:utk:tki:ttz:ans                   NA         NA      NA       NA
kkr:urs:atr:tki:ttz:ans                   NA         NA      NA       NA
kkr:utk:atr:tki:ttz:ans                   NA         NA      NA       NA
urs:utk:atr:tki:ttz:ans                   NA         NA      NA       NA
kkr:urs:nhn:tki:ttz:ans                   NA         NA      NA       NA
kkr:utk:nhn:tki:ttz:ans                   NA         NA      NA       NA
urs:utk:nhn:tki:ttz:ans                   NA         NA      NA       NA
kkr:atr:nhn:tki:ttz:ans                   NA         NA      NA       NA
urs:atr:nhn:tki:ttz:ans                   NA         NA      NA       NA
utk:atr:nhn:tki:ttz:ans                   NA         NA      NA       NA
kkr:urs:utk:hnk:ttz:ans                   NA         NA      NA       NA
kkr:urs:atr:hnk:ttz:ans                   NA         NA      NA       NA
kkr:utk:atr:hnk:ttz:ans                   NA         NA      NA       NA
urs:utk:atr:hnk:ttz:ans                   NA         NA      NA       NA
kkr:urs:nhn:hnk:ttz:ans                   NA         NA      NA       NA
kkr:utk:nhn:hnk:ttz:ans                   NA         NA      NA       NA
urs:utk:nhn:hnk:ttz:ans                   NA         NA      NA       NA
kkr:atr:nhn:hnk:ttz:ans                   NA         NA      NA       NA
urs:atr:nhn:hnk:ttz:ans                   NA         NA      NA       NA
utk:atr:nhn:hnk:ttz:ans                   NA         NA      NA       NA
kkr:urs:tki:hnk:ttz:ans                   NA         NA      NA       NA
kkr:utk:tki:hnk:ttz:ans                   NA         NA      NA       NA
urs:utk:tki:hnk:ttz:ans                   NA         NA      NA       NA
kkr:atr:tki:hnk:ttz:ans                   NA         NA      NA       NA
urs:atr:tki:hnk:ttz:ans                   NA         NA      NA       NA
utk:atr:tki:hnk:ttz:ans                   NA         NA      NA       NA
kkr:nhn:tki:hnk:ttz:ans                   NA         NA      NA       NA
urs:nhn:tki:hnk:ttz:ans                   NA         NA      NA       NA
utk:nhn:tki:hnk:ttz:ans                   NA         NA      NA       NA
atr:nhn:tki:hnk:ttz:ans                   NA         NA      NA       NA
kkr:urs:utk:atr:nhn:tki:hnk               NA         NA      NA       NA
kkr:urs:utk:atr:nhn:tki:ttz               NA         NA      NA       NA
kkr:urs:utk:atr:nhn:hnk:ttz               NA         NA      NA       NA
kkr:urs:utk:atr:tki:hnk:ttz               NA         NA      NA       NA
kkr:urs:utk:nhn:tki:hnk:ttz               NA         NA      NA       NA
kkr:urs:atr:nhn:tki:hnk:ttz               NA         NA      NA       NA
kkr:utk:atr:nhn:tki:hnk:ttz               NA         NA      NA       NA
urs:utk:atr:nhn:tki:hnk:ttz               NA         NA      NA       NA
kkr:urs:utk:atr:nhn:tki:ans               NA         NA      NA       NA
kkr:urs:utk:atr:nhn:hnk:ans               NA         NA      NA       NA
kkr:urs:utk:atr:tki:hnk:ans               NA         NA      NA       NA
kkr:urs:utk:nhn:tki:hnk:ans               NA         NA      NA       NA
kkr:urs:atr:nhn:tki:hnk:ans               NA         NA      NA       NA
kkr:utk:atr:nhn:tki:hnk:ans               NA         NA      NA       NA
urs:utk:atr:nhn:tki:hnk:ans               NA         NA      NA       NA
kkr:urs:utk:atr:nhn:ttz:ans               NA         NA      NA       NA
kkr:urs:utk:atr:tki:ttz:ans               NA         NA      NA       NA
kkr:urs:utk:nhn:tki:ttz:ans               NA         NA      NA       NA
kkr:urs:atr:nhn:tki:ttz:ans               NA         NA      NA       NA
kkr:utk:atr:nhn:tki:ttz:ans               NA         NA      NA       NA
urs:utk:atr:nhn:tki:ttz:ans               NA         NA      NA       NA
kkr:urs:utk:atr:hnk:ttz:ans               NA         NA      NA       NA
kkr:urs:utk:nhn:hnk:ttz:ans               NA         NA      NA       NA
kkr:urs:atr:nhn:hnk:ttz:ans               NA         NA      NA       NA
kkr:utk:atr:nhn:hnk:ttz:ans               NA         NA      NA       NA
urs:utk:atr:nhn:hnk:ttz:ans               NA         NA      NA       NA
kkr:urs:utk:tki:hnk:ttz:ans               NA         NA      NA       NA
kkr:urs:atr:tki:hnk:ttz:ans               NA         NA      NA       NA
kkr:utk:atr:tki:hnk:ttz:ans               NA         NA      NA       NA
urs:utk:atr:tki:hnk:ttz:ans               NA         NA      NA       NA
kkr:urs:nhn:tki:hnk:ttz:ans               NA         NA      NA       NA
kkr:utk:nhn:tki:hnk:ttz:ans               NA         NA      NA       NA
urs:utk:nhn:tki:hnk:ttz:ans               NA         NA      NA       NA
kkr:atr:nhn:tki:hnk:ttz:ans               NA         NA      NA       NA
urs:atr:nhn:tki:hnk:ttz:ans               NA         NA      NA       NA
utk:atr:nhn:tki:hnk:ttz:ans               NA         NA      NA       NA
kkr:urs:utk:atr:nhn:tki:hnk:ttz           NA         NA      NA       NA
kkr:urs:utk:atr:nhn:tki:hnk:ans           NA         NA      NA       NA
kkr:urs:utk:atr:nhn:tki:ttz:ans           NA         NA      NA       NA
kkr:urs:utk:atr:nhn:hnk:ttz:ans           NA         NA      NA       NA
kkr:urs:utk:atr:tki:hnk:ttz:ans           NA         NA      NA       NA
kkr:urs:utk:nhn:tki:hnk:ttz:ans           NA         NA      NA       NA
kkr:urs:atr:nhn:tki:hnk:ttz:ans           NA         NA      NA       NA
kkr:utk:atr:nhn:tki:hnk:ttz:ans           NA         NA      NA       NA
urs:utk:atr:nhn:tki:hnk:ttz:ans           NA         NA      NA       NA
kkr:urs:utk:atr:nhn:tki:hnk:ttz:ans       NA         NA      NA       NA

Residual standard error: NaN on 0 degrees of freedom
Multiple R-squared:      1,	Adjusted R-squared:    NaN 
F-statistic:   NaN on 9 and 0 DF,  p-value: NA

> r<-lm(formula=mns~kkr*urs*utk)
> summary(r)

Call:
lm(formula = mns ~ kkr * urs * utk)

Residuals:
         1          2          3          4          5          6          7 
-0.0045524  0.2660900  0.2058948 -0.2103364 -0.1287458  0.0008838 -0.0669636 
         8          9         10 
 0.0687595 -0.1248679 -0.0061620 

Coefficients:
            Estimate Std. Error t value Pr(>|t|)  
(Intercept)  -0.2829     0.4984  -0.568   0.6276  
kkr           0.7255     0.6860   1.057   0.4012  
urs          -2.6808     0.7859  -3.411   0.0762 .
utk           0.8026     2.1192   0.379   0.7413  
kkr:urs      -2.4508     1.2370  -1.981   0.1861  
kkr:utk      -0.9780     1.9083  -0.513   0.6593  
urs:utk       1.2311     2.5340   0.486   0.6751  
kkr:urs:utk   1.6948     1.9886   0.852   0.4838  
---
Signif. codes:  0 ‘***’ 0.001 ‘**’ 0.01 ‘*’ 0.05 ‘.’ 0.1 ‘ ’ 1

Residual standard error: 0.3153 on 2 degrees of freedom
Multiple R-squared:  0.9726,	Adjusted R-squared:  0.8767 
F-statistic: 10.14 on 7 and 2 DF,  p-value: 0.09265

> r<-lm(formula=mns~urs*atr*tki*ttz*ans)
> summary(r)

Call:
lm(formula = mns ~ urs * atr * tki * ttz * ans)

Residuals:
ALL 10 residuals are 0: no residual degrees of freedom!

Coefficients: (22 not defined because of singularities)
                    Estimate Std. Error t value Pr(>|t|)
(Intercept)           2.3966         NA      NA       NA
urs                   2.5719         NA      NA       NA
atr                  -4.8437         NA      NA       NA
tki                   2.0984         NA      NA       NA
ttz                   0.6155         NA      NA       NA
ans                   0.5550         NA      NA       NA
urs:atr              -2.4489         NA      NA       NA
urs:tki               4.1012         NA      NA       NA
atr:tki              -2.0383         NA      NA       NA
urs:ttz               2.9698         NA      NA       NA
atr:ttz                   NA         NA      NA       NA
tki:ttz                   NA         NA      NA       NA
urs:ans                   NA         NA      NA       NA
atr:ans                   NA         NA      NA       NA
tki:ans                   NA         NA      NA       NA
ttz:ans                   NA         NA      NA       NA
urs:atr:tki               NA         NA      NA       NA
urs:atr:ttz               NA         NA      NA       NA
urs:tki:ttz               NA         NA      NA       NA
atr:tki:ttz               NA         NA      NA       NA
urs:atr:ans               NA         NA      NA       NA
urs:tki:ans               NA         NA      NA       NA
atr:tki:ans               NA         NA      NA       NA
urs:ttz:ans               NA         NA      NA       NA
atr:ttz:ans               NA         NA      NA       NA
tki:ttz:ans               NA         NA      NA       NA
urs:atr:tki:ttz           NA         NA      NA       NA
urs:atr:tki:ans           NA         NA      NA       NA
urs:atr:ttz:ans           NA         NA      NA       NA
urs:tki:ttz:ans           NA         NA      NA       NA
atr:tki:ttz:ans           NA         NA      NA       NA
urs:atr:tki:ttz:ans       NA         NA      NA       NA

Residual standard error: NaN on 0 degrees of freedom
Multiple R-squared:      1,	Adjusted R-squared:    NaN 
F-statistic:   NaN on 9 and 0 DF,  p-value: NA

> r<-lm(formula=mns~urs+atr+tki+ttz+ans)
> summary(r)

Call:
lm(formula = mns ~ urs + atr + tki + ttz + ans)

Residuals:
       1        2        3        4        5        6        7        8 
 0.09475  0.06628 -0.01420 -0.02860 -0.05161  0.19006 -0.15925  0.27410 
       9       10 
-0.44021  0.06868 

Coefficients:
            Estimate Std. Error t value Pr(>|t|)
(Intercept) -0.02631    0.17190  -0.153    0.886
urs         -0.21691    0.39533  -0.549    0.612
atr         -0.59747    0.30014  -1.991    0.117
tki          0.01475    0.14924   0.099    0.926
ttz          0.35444    0.24140   1.468    0.216
ans         -0.31021    0.19565  -1.586    0.188

Residual standard error: 0.2967 on 4 degrees of freedom
Multiple R-squared:  0.9515,	Adjusted R-squared:  0.8908 
F-statistic: 15.69 on 5 and 4 DF,  p-value: 0.009802

> r<-lm(formula=mns~urs+atr+tki+ans)
> summary(r)

Call:
lm(formula = mns ~ urs + atr + tki + ans)

Residuals:
       1        2        3        4        5        6        7        8 
-0.01003  0.08851 -0.09271 -0.16797  0.20450  0.03227 -0.29627  0.41615 
       9       10 
-0.38573  0.21128 

Coefficients:
            Estimate Std. Error t value Pr(>|t|)
(Intercept)  0.13457    0.14696   0.916    0.402
urs         -0.55104    0.35868  -1.536    0.185
atr         -0.36578    0.28328  -1.291    0.253
tki          0.03202    0.16507   0.194    0.854
ans         -0.15888    0.18452  -0.861    0.429

Residual standard error: 0.3292 on 5 degrees of freedom
Multiple R-squared:  0.9253,	Adjusted R-squared:  0.8656 
F-statistic: 15.49 on 4 and 5 DF,  p-value: 0.005046

> r<-lm(formula=mns~urs*atr*tki*ans)
> summary(r)

Call:
lm(formula = mns ~ urs * atr * tki * ans)

Residuals:
ALL 10 residuals are 0: no residual degrees of freedom!

Coefficients: (6 not defined because of singularities)
                Estimate Std. Error t value Pr(>|t|)
(Intercept)       0.2576         NA      NA       NA
urs              -0.4863         NA      NA       NA
atr               0.4510         NA      NA       NA
tki              -0.2488         NA      NA       NA
ans              -0.2678         NA      NA       NA
urs:atr           1.6931         NA      NA       NA
urs:tki           0.3624         NA      NA       NA
atr:tki          -0.1122         NA      NA       NA
urs:ans          -0.8249         NA      NA       NA
atr:ans          -0.9910         NA      NA       NA
tki:ans               NA         NA      NA       NA
urs:atr:tki           NA         NA      NA       NA
urs:atr:ans           NA         NA      NA       NA
urs:tki:ans           NA         NA      NA       NA
atr:tki:ans           NA         NA      NA       NA
urs:atr:tki:ans       NA         NA      NA       NA

Residual standard error: NaN on 0 degrees of freedom
Multiple R-squared:      1,	Adjusted R-squared:    NaN 
F-statistic:   NaN on 9 and 0 DF,  p-value: NA

> r<-lm(formula=mns~kkr+urs+utk+atr+nhn+tki+hnk+ttz+ans)
> summary(r)

Call:
lm(formula = mns ~ kkr + urs + utk + atr + nhn + tki + hnk + 
    ttz + ans)

Residuals:
ALL 10 residuals are 0: no residual degrees of freedom!

Coefficients:
            Estimate Std. Error t value Pr(>|t|)
(Intercept)  -2.8606         NA      NA       NA
kkr           1.3427         NA      NA       NA
urs           0.3177         NA      NA       NA
utk           0.2610         NA      NA       NA
atr          -1.8837         NA      NA       NA
nhn          -1.2664         NA      NA       NA
tki          -0.1754         NA      NA       NA
hnk           0.2989         NA      NA       NA
ttz           2.5859         NA      NA       NA
ans          -0.8215         NA      NA       NA

Residual standard error: NaN on 0 degrees of freedom
Multiple R-squared:      1,	Adjusted R-squared:    NaN 
F-statistic:   NaN on 9 and 0 DF,  p-value: NA

> r<-lm(formula=mns~urs*atr*ans)
> summary(r)

Call:
lm(formula = mns ~ urs * atr * ans)

Residuals:
       1        2        3        4        5        6        7        8 
 0.01966 -0.02292  0.08189 -0.10266 -0.14604  0.16955 -0.08685  0.10981 
       9       10 
-0.14383  0.12139 

Coefficients:
            Estimate Std. Error t value Pr(>|t|)
(Intercept)  0.32697    0.12446   2.627    0.119
urs         -0.49304    0.41919  -1.176    0.361
atr         -0.06497    0.18683  -0.348    0.761
ans         -0.18887    0.16361  -1.154    0.368
urs:atr      0.72018    0.47687   1.510    0.270
urs:ans     -0.73676    0.47395  -1.555    0.260
atr:ans     -0.28145    0.40384  -0.697    0.558
urs:atr:ans -0.13839    0.24108  -0.574    0.624

Residual standard error: 0.2482 on 2 degrees of freedom
Multiple R-squared:  0.983,	Adjusted R-squared:  0.9236 
F-statistic: 16.54 on 7 and 2 DF,  p-value: 0.05817

> data3 <- read.csv(file="result3.csv",header=T, fileEncoding="Shift_JIS",row.names=1)
> mns <-data3$むなしい
> kkr <-data3$快い
> urs <-data3$嬉しい
> utk <-data3$美しい
> atr <-data3$新しい
> nhn <-data3$日本的な
> tki <-data3$都会的な
> hnk <-data3$変化のある
> ttz <-data3$秩序のある
> ans <-data3$安心な
> r<-lm(formula=mns~kkr*urs*utk*atr*nhn*tki*hnk*ttz*ans)
> summary(r)

Call:
lm(formula = mns ~ kkr * urs * utk * atr * nhn * tki * hnk * 
    ttz * ans)

Residuals:
         1          2          3          4          5          6          7 
 1.644e-15 -9.785e-16 -8.412e-16  2.761e-15 -1.262e-15  3.315e-16 -2.418e-15 
         8          9         10         11         12         13         14 
-1.238e-15  7.293e-16  4.061e-16  1.417e-15  2.985e-15 -3.497e-15 -2.280e-15 
        15         16         17         18         19         20         21 
 2.308e-16  1.061e-14  7.430e-17  1.093e-15  4.007e-15  1.204e-15  2.285e-15 
        22         23         24         25         26         27         28 
 1.269e-14 -8.866e-16  1.566e-15  4.005e-16 -8.335e-15  4.726e-15  1.762e-15 
        29         30         31         32         33         34         35 
-4.326e-15 -6.285e-15 -1.195e-14  1.055e-14 -3.864e-15 -5.548e-16 -6.417e-17 
        36         37         38         39         40         41         42 
 3.663e-15  2.927e-15  6.246e-14 -6.650e-15 -9.312e-15  2.701e-15  3.618e-15 
        43         44         45         46         47         48         49 
 5.090e-15 -2.876e-15 -1.173e-14  1.417e-15  7.935e-15  3.050e-15 -1.326e-15 
        50         51         52         53         54         55         56 
 9.679e-16  2.309e-15  3.315e-16 -1.000e+00  1.427e-14 -5.196e-14 -1.723e-14 
        57         58         59         60         61         62         63 
-4.009e-15 -5.000e-01  5.000e-01 -1.289e-15 -3.505e-15 -6.065e-15  1.000e+00 
        64         65         66         67         68         69         70 
-2.144e-15 -6.467e-15 -8.790e-15  2.727e-15  4.502e-16 -5.843e-15 -1.378e-14 
        71         72         73         74         75         76         77 
-2.118e-16 -1.563e-14  2.060e-15 -3.846e-16  1.143e-14  1.695e-14 -1.132e-14 
        78         79         80         81         82         83         84 
-2.009e-14  3.175e-15  2.744e-14 -5.776e-16  5.016e-16 -1.612e-15  2.449e-15 
        85         86         87         88         89         90         91 
 4.124e-15  5.902e-15  5.000e-01  6.406e-16 -5.000e-01  1.340e-15 -1.205e-14 
        92         93         94         95         96         97         98 
-1.300e-14  1.118e-14  4.818e-15  6.763e-16  9.164e-16  1.266e-15 -3.748e-15 
        99        100        101        102        103        104        105 
 5.591e-15 -6.720e-15 -1.052e-14  6.108e-15 -4.265e-15 -5.094e-15 -7.746e-15 
       106        107        108        109        110        111        112 
-4.780e-15 -1.452e-15 -2.507e-15  8.730e-16 -2.548e-15 -5.339e-15  4.968e-15 
       113        114        115        116        117        118        119 
 1.361e-14 -6.424e-15  2.852e-15  1.033e-14 -3.145e-15 -4.962e-17 -1.012e-16 
       120        121        122        123        124        125        126 
 1.549e-14  2.802e-15 -1.041e-14  2.007e-15 -6.114e-15 -4.313e-15 -2.325e-15 
       127        128        129        130        131        132        133 
-5.964e-15  1.461e-15 -2.549e-14 -8.866e-16  1.345e-14  1.042e-14  2.388e-15 
       134        135        136        137        138        139        140 
 1.009e-14  2.125e-15  1.078e-14  5.160e-16 -7.309e-15 -3.125e-15 -4.234e-15 
       141        142        143        144        145        146        147 
 8.259e-16 -2.153e-15  7.062e-16  1.536e-15  5.502e-15  3.345e-16  2.900e-15 
       148        149        150        151        152        153        154 
 1.421e-14  4.860e-15 -3.064e-15 -7.167e-15 -4.862e-15  1.854e-15 -2.329e-15 
       155        156        157        158        159        160        161 
 3.457e-15  4.623e-15  2.613e-16 -4.527e-15  3.083e-15  3.891e-15  1.420e-15 
       162        163        164        165        166        167        168 
-2.948e-15  7.431e-16 -1.644e-14  4.876e-15 -3.265e-15 -2.485e-15 -1.410e-14 
       169        170 
 1.378e-14  3.250e-15 

Coefficients: (347 not defined because of singularities)
                                      Estimate Std. Error t value Pr(>|t|)  
(Intercept)                          2.441e+00  3.107e+00   0.786   0.4676  
kkr                                 -1.358e+00  2.831e+00  -0.480   0.6518  
urs                                  1.719e+01  1.029e+01   1.670   0.1557  
utk                                 -5.369e+00  9.422e+00  -0.570   0.5935  
atr                                 -2.941e+00  1.942e+00  -1.515   0.1903  
nhn                                  2.961e+00  2.457e+00   1.205   0.2821  
tki                                  2.441e+00  3.062e+00   0.797   0.4615  
hnk                                  1.376e+00  3.401e+00   0.405   0.7025  
ttz                                 -9.689e-01  4.394e+00  -0.221   0.8342  
ans                                  3.712e+00  3.360e+00   1.105   0.3195  
kkr:urs                             -2.386e+01  1.955e+01  -1.221   0.2766  
kkr:utk                              4.195e+00  7.591e+00   0.553   0.6043  
urs:utk                              3.471e-01  9.560e+00   0.036   0.9724  
kkr:atr                              2.022e+00  3.328e+00   0.607   0.5701  
urs:atr                              2.185e+00  4.893e+00   0.446   0.6739  
utk:atr                             -3.960e-01  7.049e+00  -0.056   0.9574  
kkr:nhn                             -4.196e+00  4.474e+00  -0.938   0.3914  
urs:nhn                              1.502e+01  1.142e+01   1.315   0.2457  
utk:nhn                             -9.853e+00  1.090e+01  -0.904   0.4076  
atr:nhn                             -3.733e+00  4.035e+00  -0.925   0.3974  
kkr:tki                             -5.970e-01  4.530e+00  -0.132   0.9003  
urs:tki                             -4.287e+00  2.946e+00  -1.455   0.2055  
utk:tki                             -6.506e+00  6.526e+00  -0.997   0.3646  
atr:tki                              6.929e+00  6.235e+00   1.111   0.3170  
nhn:tki                              4.624e+00  2.509e+00   1.843   0.1247  
kkr:hnk                             -3.236e-01  6.264e+00  -0.052   0.9608  
urs:hnk                             -6.085e+00  6.919e+00  -0.880   0.4194  
utk:hnk                             -5.220e+00  3.334e+00  -1.566   0.1782  
atr:hnk                             -3.006e+00  2.917e+00  -1.031   0.3500  
nhn:hnk                              2.216e+00  3.527e+00   0.628   0.5573  
tki:hnk                              3.922e-01  1.595e+00   0.246   0.8156  
kkr:ttz                              7.336e-01  3.501e+00   0.210   0.8423  
urs:ttz                             -1.051e+01  4.152e+00  -2.532   0.0524 .
utk:ttz                             -1.006e-01  2.959e+00  -0.034   0.9742  
atr:ttz                              7.241e+00  5.130e+00   1.411   0.2172  
nhn:ttz                             -1.423e+00  1.287e+00  -1.105   0.3193  
tki:ttz                             -2.305e+00  3.277e+00  -0.703   0.5132  
hnk:ttz                             -1.609e+00  3.888e+00  -0.414   0.6962  
kkr:ans                             -4.543e+00  5.104e+00  -0.890   0.4142  
urs:ans                              1.643e+01  8.167e+00   2.012   0.1004  
utk:ans                             -2.057e+00  2.731e+00  -0.753   0.4852  
atr:ans                             -5.953e+00  4.338e+00  -1.372   0.2284  
nhn:ans                              1.012e+00  3.728e+00   0.272   0.7968  
tki:ans                             -6.233e-01  1.775e+00  -0.351   0.7397  
hnk:ans                             -1.019e+00  3.449e+00  -0.296   0.7794  
ttz:ans                              7.606e-01  2.465e+00   0.309   0.7701  
kkr:urs:utk                          3.577e+00  2.984e+00   1.199   0.2843  
kkr:urs:atr                         -6.754e+00  5.633e+00  -1.199   0.2843  
kkr:utk:atr                          9.930e-01  3.741e+00   0.265   0.8013  
urs:utk:atr                         -7.634e+00  5.481e+00  -1.393   0.2225  
kkr:urs:nhn                         -1.160e+01  1.069e+01  -1.085   0.3274  
kkr:utk:nhn                          1.485e+01  1.095e+01   1.356   0.2332  
urs:utk:nhn                          3.632e-02  6.917e+00   0.005   0.9960  
kkr:atr:nhn                          2.818e+00  3.097e+00   0.910   0.4046  
urs:atr:nhn                          6.527e-01  5.786e+00   0.113   0.9146  
utk:atr:nhn                         -3.273e+00  7.646e+00  -0.428   0.6865  
kkr:urs:tki                         -4.988e+00  1.101e+01  -0.453   0.6695  
kkr:utk:tki                          4.404e+00  5.832e+00   0.755   0.4842  
urs:utk:tki                          6.871e+00  4.613e+00   1.490   0.1965  
kkr:atr:tki                          1.087e+00  3.036e+00   0.358   0.7348  
urs:atr:tki                          2.522e+00  3.181e+00   0.793   0.4639  
utk:atr:tki                         -5.230e+00  5.028e+00  -1.040   0.3459  
kkr:nhn:tki                         -5.010e+00  4.242e+00  -1.181   0.2906  
urs:nhn:tki                         -4.111e+00  4.637e+00  -0.886   0.4160  
utk:nhn:tki                         -8.992e+00  6.134e+00  -1.466   0.2025  
atr:nhn:tki                          9.001e+00  6.171e+00   1.459   0.2045  
kkr:urs:hnk                          4.686e+00  4.139e+00   1.132   0.3089  
kkr:utk:hnk                          4.535e+00  3.794e+00   1.196   0.2855  
urs:utk:hnk                          3.014e+00  6.625e+00   0.455   0.6682  
kkr:atr:hnk                          7.844e+00  5.787e+00   1.355   0.2333  
urs:atr:hnk                         -6.628e+00  8.865e+00  -0.748   0.4883  
utk:atr:hnk                          1.184e+00  4.788e+00   0.247   0.8145  
kkr:nhn:hnk                         -2.121e+00  7.339e+00  -0.289   0.7841  
urs:nhn:hnk                          1.371e+00  4.320e+00   0.317   0.7638  
utk:nhn:hnk                          1.141e+00  3.236e+00   0.353   0.7388  
atr:nhn:hnk                         -5.434e+00  3.948e+00  -1.376   0.2271  
kkr:tki:hnk                         -1.357e+00  3.274e+00  -0.414   0.6958  
urs:tki:hnk                         -1.963e+00  5.049e+00  -0.389   0.7134  
utk:tki:hnk                         -5.522e+00  3.216e+00  -1.717   0.1466  
atr:tki:hnk                         -3.691e-01  2.071e+00  -0.178   0.8655  
nhn:tki:hnk                          1.711e+00  3.164e+00   0.541   0.6119  
kkr:urs:ttz                          4.894e+00  5.278e+00   0.927   0.3963  
kkr:utk:ttz                         -1.956e+00  2.445e+00  -0.800   0.4601  
urs:utk:ttz                          5.381e+00  4.916e+00   1.095   0.3236  
kkr:atr:ttz                         -1.987e+00  4.148e+00  -0.479   0.6521  
urs:atr:ttz                         -2.322e+00  2.450e+00  -0.948   0.3867  
utk:atr:ttz                         -1.373e+00  2.290e+00  -0.600   0.5749  
kkr:nhn:ttz                         -1.405e+00  3.087e+00  -0.455   0.6680  
urs:nhn:ttz                         -6.748e-01  2.796e+00  -0.241   0.8189  
utk:nhn:ttz                         -4.339e-02  1.065e+00  -0.041   0.9691  
atr:nhn:ttz                          3.958e+00  3.341e+00   1.185   0.2894  
kkr:tki:ttz                          4.085e-01  2.813e+00   0.145   0.8902  
urs:tki:ttz                          1.523e+00  3.252e+00   0.468   0.6593  
utk:tki:ttz                         -2.993e-01  1.602e+00  -0.187   0.8592  
atr:tki:ttz                         -9.611e-01  9.993e-01  -0.962   0.3803  
nhn:tki:ttz                         -1.400e+00  1.853e+00  -0.755   0.4840  
kkr:hnk:ttz                          7.112e-01  2.803e+00   0.254   0.8098  
urs:hnk:ttz                         -2.611e-03  1.735e+00  -0.002   0.9989  
utk:hnk:ttz                         -1.751e+00  1.581e+00  -1.108   0.3184  
atr:hnk:ttz                          8.089e-01  5.996e-01   1.349   0.2352  
nhn:hnk:ttz                         -1.017e+00  8.048e-01  -1.264   0.2620  
tki:hnk:ttz                         -4.028e-01  8.741e-01  -0.461   0.6643  
kkr:urs:ans                          5.888e-01  2.617e+00   0.225   0.8309  
kkr:utk:ans                          2.605e+00  3.773e+00   0.690   0.5207  
urs:utk:ans                         -8.744e+00  4.604e+00  -1.899   0.1160  
kkr:atr:ans                          2.267e+00  2.095e+00   1.082   0.3287  
urs:atr:ans                         -2.155e-02  9.416e-01  -0.023   0.9826  
utk:atr:ans                          4.582e-01  1.771e+00   0.259   0.8062  
kkr:nhn:ans                         -4.400e+00  3.594e+00  -1.224   0.2754  
urs:nhn:ans                          6.100e+00  3.444e+00   1.771   0.1367  
utk:nhn:ans                          1.343e+00  1.738e+00   0.772   0.4747  
atr:nhn:ans                         -6.313e-01  1.262e+00  -0.500   0.6382  
kkr:tki:ans                          4.389e-01  1.111e+00   0.395   0.7092  
urs:tki:ans                          1.284e+00  1.493e+00   0.860   0.4290  
utk:tki:ans                         -9.557e-01  1.669e+00  -0.572   0.5918  
atr:tki:ans                         -2.329e+00  2.053e+00  -1.135   0.3079  
nhn:tki:ans                         -1.969e+00  2.246e+00  -0.877   0.4208  
kkr:hnk:ans                         -2.178e+00  1.754e+00  -1.242   0.2693  
urs:hnk:ans                         -4.965e-01  2.327e+00  -0.213   0.8395  
utk:hnk:ans                          1.677e+00  1.490e+00   1.125   0.3115  
atr:hnk:ans                          1.493e+00  1.946e+00   0.767   0.4777  
nhn:hnk:ans                         -2.022e-01  1.636e+00  -0.124   0.9064  
tki:hnk:ans                         -3.951e-01  1.105e+00  -0.357   0.7354  
kkr:ttz:ans                         -1.525e+00  1.405e+00  -1.085   0.3273  
urs:ttz:ans                          1.773e-04  6.850e-01   0.000   0.9998  
utk:ttz:ans                         -8.375e-01  2.118e+00  -0.395   0.7088  
atr:ttz:ans                          2.490e+00  2.474e+00   1.007   0.3603  
nhn:ttz:ans                         -1.609e-01  2.346e+00  -0.069   0.9480  
tki:ttz:ans                         -1.942e-01  9.169e-01  -0.212   0.8406  
hnk:ttz:ans                          1.275e+00  1.458e+00   0.874   0.4221  
kkr:urs:utk:atr                      9.093e+00  4.587e+00   1.982   0.1043  
kkr:urs:utk:nhn                      8.988e-02  3.391e+00   0.027   0.9799  
kkr:urs:atr:nhn                      2.908e+00  3.396e+00   0.856   0.4309  
kkr:utk:atr:nhn                     -1.686e+00  5.058e+00  -0.333   0.7525  
urs:utk:atr:nhn                     -7.478e+00  4.556e+00  -1.641   0.1617  
kkr:urs:utk:tki                     -3.447e+00  3.289e+00  -1.048   0.3426  
kkr:urs:atr:tki                     -6.861e-01  1.553e+00  -0.442   0.6770  
kkr:utk:atr:tki                      1.712e+00  1.599e+00   1.071   0.3333  
urs:utk:atr:tki                     -1.996e+00  1.984e+00  -1.006   0.3605  
kkr:urs:nhn:tki                     -2.658e+00  7.781e+00  -0.342   0.7465  
kkr:utk:nhn:tki                      1.150e+01  7.586e+00   1.515   0.1901  
urs:utk:nhn:tki                      5.147e+00  4.947e+00   1.040   0.3458  
kkr:atr:nhn:tki                     -2.443e+00  4.920e+00  -0.497   0.6406  
urs:atr:nhn:tki                     -3.614e-01  1.629e+00  -0.222   0.8332  
utk:atr:nhn:tki                     -5.868e+00  3.746e+00  -1.567   0.1780  
kkr:urs:utk:hnk                     -1.554e+00  3.421e+00  -0.454   0.6686  
kkr:urs:atr:hnk                     -5.967e+00  3.505e+00  -1.702   0.1494  
kkr:utk:atr:hnk                     -3.505e+00  4.254e+00  -0.824   0.4474  
urs:utk:atr:hnk                      4.524e+00  4.172e+00   1.084   0.3277  
kkr:urs:nhn:hnk                     -2.165e+00  3.613e+00  -0.599   0.5751  
kkr:utk:nhn:hnk                     -8.438e-01  2.040e+00  -0.414   0.6963  
urs:utk:nhn:hnk                     -1.567e+00  2.550e+00  -0.615   0.5658  
kkr:atr:nhn:hnk                      5.528e+00  6.391e+00   0.865   0.4266  
urs:atr:nhn:hnk                     -3.180e+00  3.556e+00  -0.894   0.4121  
utk:atr:nhn:hnk                      3.762e+00  4.214e+00   0.893   0.4130  
kkr:urs:tki:hnk                      2.559e+00  5.125e+00   0.499   0.6387  
kkr:utk:tki:hnk                      4.938e+00  3.890e+00   1.270   0.2601  
urs:utk:tki:hnk                     -1.016e-01  5.188e+00  -0.020   0.9851  
kkr:atr:tki:hnk                      3.600e+00  2.766e+00   1.301   0.2498  
urs:atr:tki:hnk                     -2.386e+00  2.471e+00  -0.966   0.3785  
utk:atr:tki:hnk                     -1.623e+00  2.970e+00  -0.547   0.6082  
kkr:nhn:tki:hnk                     -1.814e+00  2.438e+00  -0.744   0.4904  
urs:nhn:tki:hnk                     -9.972e-01  2.830e+00  -0.352   0.7389  
utk:nhn:tki:hnk                     -9.597e-01  2.861e+00  -0.335   0.7509  
atr:nhn:tki:hnk                      7.707e-01  1.026e+00   0.751   0.4865  
kkr:urs:utk:ttz                             NA         NA      NA       NA  
kkr:urs:atr:ttz                             NA         NA      NA       NA  
kkr:utk:atr:ttz                             NA         NA      NA       NA  
urs:utk:atr:ttz                             NA         NA      NA       NA  
kkr:urs:nhn:ttz                             NA         NA      NA       NA  
kkr:utk:nhn:ttz                             NA         NA      NA       NA  
urs:utk:nhn:ttz                             NA         NA      NA       NA  
kkr:atr:nhn:ttz                             NA         NA      NA       NA  
urs:atr:nhn:ttz                             NA         NA      NA       NA  
utk:atr:nhn:ttz                             NA         NA      NA       NA  
kkr:urs:tki:ttz                             NA         NA      NA       NA  
kkr:utk:tki:ttz                             NA         NA      NA       NA  
urs:utk:tki:ttz                             NA         NA      NA       NA  
kkr:atr:tki:ttz                             NA         NA      NA       NA  
urs:atr:tki:ttz                             NA         NA      NA       NA  
utk:atr:tki:ttz                             NA         NA      NA       NA  
kkr:nhn:tki:ttz                             NA         NA      NA       NA  
urs:nhn:tki:ttz                             NA         NA      NA       NA  
utk:nhn:tki:ttz                             NA         NA      NA       NA  
atr:nhn:tki:ttz                             NA         NA      NA       NA  
kkr:urs:hnk:ttz                             NA         NA      NA       NA  
kkr:utk:hnk:ttz                             NA         NA      NA       NA  
urs:utk:hnk:ttz                             NA         NA      NA       NA  
kkr:atr:hnk:ttz                             NA         NA      NA       NA  
urs:atr:hnk:ttz                             NA         NA      NA       NA  
utk:atr:hnk:ttz                             NA         NA      NA       NA  
kkr:nhn:hnk:ttz                             NA         NA      NA       NA  
urs:nhn:hnk:ttz                             NA         NA      NA       NA  
utk:nhn:hnk:ttz                             NA         NA      NA       NA  
atr:nhn:hnk:ttz                             NA         NA      NA       NA  
kkr:tki:hnk:ttz                             NA         NA      NA       NA  
urs:tki:hnk:ttz                             NA         NA      NA       NA  
utk:tki:hnk:ttz                             NA         NA      NA       NA  
atr:tki:hnk:ttz                             NA         NA      NA       NA  
nhn:tki:hnk:ttz                             NA         NA      NA       NA  
kkr:urs:utk:ans                             NA         NA      NA       NA  
kkr:urs:atr:ans                             NA         NA      NA       NA  
kkr:utk:atr:ans                             NA         NA      NA       NA  
urs:utk:atr:ans                             NA         NA      NA       NA  
kkr:urs:nhn:ans                             NA         NA      NA       NA  
kkr:utk:nhn:ans                             NA         NA      NA       NA  
urs:utk:nhn:ans                             NA         NA      NA       NA  
kkr:atr:nhn:ans                             NA         NA      NA       NA  
urs:atr:nhn:ans                             NA         NA      NA       NA  
utk:atr:nhn:ans                             NA         NA      NA       NA  
kkr:urs:tki:ans                             NA         NA      NA       NA  
kkr:utk:tki:ans                             NA         NA      NA       NA  
urs:utk:tki:ans                             NA         NA      NA       NA  
kkr:atr:tki:ans                             NA         NA      NA       NA  
urs:atr:tki:ans                             NA         NA      NA       NA  
utk:atr:tki:ans                             NA         NA      NA       NA  
kkr:nhn:tki:ans                             NA         NA      NA       NA  
urs:nhn:tki:ans                             NA         NA      NA       NA  
utk:nhn:tki:ans                             NA         NA      NA       NA  
atr:nhn:tki:ans                             NA         NA      NA       NA  
kkr:urs:hnk:ans                             NA         NA      NA       NA  
kkr:utk:hnk:ans                             NA         NA      NA       NA  
urs:utk:hnk:ans                             NA         NA      NA       NA  
kkr:atr:hnk:ans                             NA         NA      NA       NA  
urs:atr:hnk:ans                             NA         NA      NA       NA  
utk:atr:hnk:ans                             NA         NA      NA       NA  
kkr:nhn:hnk:ans                             NA         NA      NA       NA  
urs:nhn:hnk:ans                             NA         NA      NA       NA  
utk:nhn:hnk:ans                             NA         NA      NA       NA  
atr:nhn:hnk:ans                             NA         NA      NA       NA  
kkr:tki:hnk:ans                             NA         NA      NA       NA  
urs:tki:hnk:ans                             NA         NA      NA       NA  
utk:tki:hnk:ans                             NA         NA      NA       NA  
atr:tki:hnk:ans                             NA         NA      NA       NA  
nhn:tki:hnk:ans                             NA         NA      NA       NA  
kkr:urs:ttz:ans                             NA         NA      NA       NA  
kkr:utk:ttz:ans                             NA         NA      NA       NA  
urs:utk:ttz:ans                             NA         NA      NA       NA  
kkr:atr:ttz:ans                             NA         NA      NA       NA  
urs:atr:ttz:ans                             NA         NA      NA       NA  
utk:atr:ttz:ans                             NA         NA      NA       NA  
kkr:nhn:ttz:ans                             NA         NA      NA       NA  
urs:nhn:ttz:ans                             NA         NA      NA       NA  
utk:nhn:ttz:ans                             NA         NA      NA       NA  
atr:nhn:ttz:ans                             NA         NA      NA       NA  
kkr:tki:ttz:ans                             NA         NA      NA       NA  
urs:tki:ttz:ans                             NA         NA      NA       NA  
utk:tki:ttz:ans                             NA         NA      NA       NA  
atr:tki:ttz:ans                             NA         NA      NA       NA  
nhn:tki:ttz:ans                             NA         NA      NA       NA  
kkr:hnk:ttz:ans                             NA         NA      NA       NA  
urs:hnk:ttz:ans                             NA         NA      NA       NA  
utk:hnk:ttz:ans                             NA         NA      NA       NA  
atr:hnk:ttz:ans                             NA         NA      NA       NA  
nhn:hnk:ttz:ans                             NA         NA      NA       NA  
tki:hnk:ttz:ans                             NA         NA      NA       NA  
kkr:urs:utk:atr:nhn                         NA         NA      NA       NA  
kkr:urs:utk:atr:tki                         NA         NA      NA       NA  
kkr:urs:utk:nhn:tki                         NA         NA      NA       NA  
kkr:urs:atr:nhn:tki                         NA         NA      NA       NA  
kkr:utk:atr:nhn:tki                         NA         NA      NA       NA  
urs:utk:atr:nhn:tki                         NA         NA      NA       NA  
kkr:urs:utk:atr:hnk                         NA         NA      NA       NA  
kkr:urs:utk:nhn:hnk                         NA         NA      NA       NA  
kkr:urs:atr:nhn:hnk                         NA         NA      NA       NA  
kkr:utk:atr:nhn:hnk                         NA         NA      NA       NA  
urs:utk:atr:nhn:hnk                         NA         NA      NA       NA  
kkr:urs:utk:tki:hnk                         NA         NA      NA       NA  
kkr:urs:atr:tki:hnk                         NA         NA      NA       NA  
kkr:utk:atr:tki:hnk                         NA         NA      NA       NA  
urs:utk:atr:tki:hnk                         NA         NA      NA       NA  
kkr:urs:nhn:tki:hnk                         NA         NA      NA       NA  
kkr:utk:nhn:tki:hnk                         NA         NA      NA       NA  
urs:utk:nhn:tki:hnk                         NA         NA      NA       NA  
kkr:atr:nhn:tki:hnk                         NA         NA      NA       NA  
urs:atr:nhn:tki:hnk                         NA         NA      NA       NA  
utk:atr:nhn:tki:hnk                         NA         NA      NA       NA  
kkr:urs:utk:atr:ttz                         NA         NA      NA       NA  
kkr:urs:utk:nhn:ttz                         NA         NA      NA       NA  
kkr:urs:atr:nhn:ttz                         NA         NA      NA       NA  
kkr:utk:atr:nhn:ttz                         NA         NA      NA       NA  
urs:utk:atr:nhn:ttz                         NA         NA      NA       NA  
kkr:urs:utk:tki:ttz                         NA         NA      NA       NA  
kkr:urs:atr:tki:ttz                         NA         NA      NA       NA  
kkr:utk:atr:tki:ttz                         NA         NA      NA       NA  
urs:utk:atr:tki:ttz                         NA         NA      NA       NA  
kkr:urs:nhn:tki:ttz                         NA         NA      NA       NA  
kkr:utk:nhn:tki:ttz                         NA         NA      NA       NA  
urs:utk:nhn:tki:ttz                         NA         NA      NA       NA  
kkr:atr:nhn:tki:ttz                         NA         NA      NA       NA  
urs:atr:nhn:tki:ttz                         NA         NA      NA       NA  
utk:atr:nhn:tki:ttz                         NA         NA      NA       NA  
kkr:urs:utk:hnk:ttz                         NA         NA      NA       NA  
kkr:urs:atr:hnk:ttz                         NA         NA      NA       NA  
kkr:utk:atr:hnk:ttz                         NA         NA      NA       NA  
urs:utk:atr:hnk:ttz                         NA         NA      NA       NA  
kkr:urs:nhn:hnk:ttz                         NA         NA      NA       NA  
kkr:utk:nhn:hnk:ttz                         NA         NA      NA       NA  
urs:utk:nhn:hnk:ttz                         NA         NA      NA       NA  
kkr:atr:nhn:hnk:ttz                         NA         NA      NA       NA  
urs:atr:nhn:hnk:ttz                         NA         NA      NA       NA  
utk:atr:nhn:hnk:ttz                         NA         NA      NA       NA  
kkr:urs:tki:hnk:ttz                         NA         NA      NA       NA  
kkr:utk:tki:hnk:ttz                         NA         NA      NA       NA  
urs:utk:tki:hnk:ttz                         NA         NA      NA       NA  
kkr:atr:tki:hnk:ttz                         NA         NA      NA       NA  
urs:atr:tki:hnk:ttz                         NA         NA      NA       NA  
utk:atr:tki:hnk:ttz                         NA         NA      NA       NA  
kkr:nhn:tki:hnk:ttz                         NA         NA      NA       NA  
urs:nhn:tki:hnk:ttz                         NA         NA      NA       NA  
utk:nhn:tki:hnk:ttz                         NA         NA      NA       NA  
atr:nhn:tki:hnk:ttz                         NA         NA      NA       NA  
kkr:urs:utk:atr:ans                         NA         NA      NA       NA  
kkr:urs:utk:nhn:ans                         NA         NA      NA       NA  
kkr:urs:atr:nhn:ans                         NA         NA      NA       NA  
kkr:utk:atr:nhn:ans                         NA         NA      NA       NA  
urs:utk:atr:nhn:ans                         NA         NA      NA       NA  
kkr:urs:utk:tki:ans                         NA         NA      NA       NA  
kkr:urs:atr:tki:ans                         NA         NA      NA       NA  
kkr:utk:atr:tki:ans                         NA         NA      NA       NA  
urs:utk:atr:tki:ans                         NA         NA      NA       NA  
kkr:urs:nhn:tki:ans                         NA         NA      NA       NA  
kkr:utk:nhn:tki:ans                         NA         NA      NA       NA  
urs:utk:nhn:tki:ans                         NA         NA      NA       NA  
kkr:atr:nhn:tki:ans                         NA         NA      NA       NA  
urs:atr:nhn:tki:ans                         NA         NA      NA       NA  
utk:atr:nhn:tki:ans                         NA         NA      NA       NA  
kkr:urs:utk:hnk:ans                         NA         NA      NA       NA  
kkr:urs:atr:hnk:ans                         NA         NA      NA       NA  
kkr:utk:atr:hnk:ans                         NA         NA      NA       NA  
urs:utk:atr:hnk:ans                         NA         NA      NA       NA  
kkr:urs:nhn:hnk:ans                         NA         NA      NA       NA  
kkr:utk:nhn:hnk:ans                         NA         NA      NA       NA  
urs:utk:nhn:hnk:ans                         NA         NA      NA       NA  
kkr:atr:nhn:hnk:ans                         NA         NA      NA       NA  
urs:atr:nhn:hnk:ans                         NA         NA      NA       NA  
utk:atr:nhn:hnk:ans                         NA         NA      NA       NA  
kkr:urs:tki:hnk:ans                         NA         NA      NA       NA  
kkr:utk:tki:hnk:ans                         NA         NA      NA       NA  
urs:utk:tki:hnk:ans                         NA         NA      NA       NA  
kkr:atr:tki:hnk:ans                         NA         NA      NA       NA  
urs:atr:tki:hnk:ans                         NA         NA      NA       NA  
utk:atr:tki:hnk:ans                         NA         NA      NA       NA  
kkr:nhn:tki:hnk:ans                         NA         NA      NA       NA  
urs:nhn:tki:hnk:ans                         NA         NA      NA       NA  
utk:nhn:tki:hnk:ans                         NA         NA      NA       NA  
atr:nhn:tki:hnk:ans                         NA         NA      NA       NA  
kkr:urs:utk:ttz:ans                         NA         NA      NA       NA  
kkr:urs:atr:ttz:ans                         NA         NA      NA       NA  
kkr:utk:atr:ttz:ans                         NA         NA      NA       NA  
urs:utk:atr:ttz:ans                         NA         NA      NA       NA  
kkr:urs:nhn:ttz:ans                         NA         NA      NA       NA  
kkr:utk:nhn:ttz:ans                         NA         NA      NA       NA  
urs:utk:nhn:ttz:ans                         NA         NA      NA       NA  
kkr:atr:nhn:ttz:ans                         NA         NA      NA       NA  
urs:atr:nhn:ttz:ans                         NA         NA      NA       NA  
utk:atr:nhn:ttz:ans                         NA         NA      NA       NA  
kkr:urs:tki:ttz:ans                         NA         NA      NA       NA  
kkr:utk:tki:ttz:ans                         NA         NA      NA       NA  
urs:utk:tki:ttz:ans                         NA         NA      NA       NA  
kkr:atr:tki:ttz:ans                         NA         NA      NA       NA  
urs:atr:tki:ttz:ans                         NA         NA      NA       NA  
utk:atr:tki:ttz:ans                         NA         NA      NA       NA  
kkr:nhn:tki:ttz:ans                         NA         NA      NA       NA  
urs:nhn:tki:ttz:ans                         NA         NA      NA       NA  
utk:nhn:tki:ttz:ans                         NA         NA      NA       NA  
atr:nhn:tki:ttz:ans                         NA         NA      NA       NA  
kkr:urs:hnk:ttz:ans                         NA         NA      NA       NA  
kkr:utk:hnk:ttz:ans                         NA         NA      NA       NA  
urs:utk:hnk:ttz:ans                         NA         NA      NA       NA  
kkr:atr:hnk:ttz:ans                         NA         NA      NA       NA  
urs:atr:hnk:ttz:ans                         NA         NA      NA       NA  
utk:atr:hnk:ttz:ans                         NA         NA      NA       NA  
kkr:nhn:hnk:ttz:ans                         NA         NA      NA       NA  
urs:nhn:hnk:ttz:ans                         NA         NA      NA       NA  
utk:nhn:hnk:ttz:ans                         NA         NA      NA       NA  
atr:nhn:hnk:ttz:ans                         NA         NA      NA       NA  
kkr:tki:hnk:ttz:ans                         NA         NA      NA       NA  
urs:tki:hnk:ttz:ans                         NA         NA      NA       NA  
utk:tki:hnk:ttz:ans                         NA         NA      NA       NA  
atr:tki:hnk:ttz:ans                         NA         NA      NA       NA  
nhn:tki:hnk:ttz:ans                         NA         NA      NA       NA  
kkr:urs:utk:atr:nhn:tki                     NA         NA      NA       NA  
kkr:urs:utk:atr:nhn:hnk                     NA         NA      NA       NA  
kkr:urs:utk:atr:tki:hnk                     NA         NA      NA       NA  
kkr:urs:utk:nhn:tki:hnk                     NA         NA      NA       NA  
kkr:urs:atr:nhn:tki:hnk                     NA         NA      NA       NA  
kkr:utk:atr:nhn:tki:hnk                     NA         NA      NA       NA  
urs:utk:atr:nhn:tki:hnk                     NA         NA      NA       NA  
kkr:urs:utk:atr:nhn:ttz                     NA         NA      NA       NA  
kkr:urs:utk:atr:tki:ttz                     NA         NA      NA       NA  
kkr:urs:utk:nhn:tki:ttz                     NA         NA      NA       NA  
kkr:urs:atr:nhn:tki:ttz                     NA         NA      NA       NA  
kkr:utk:atr:nhn:tki:ttz                     NA         NA      NA       NA  
urs:utk:atr:nhn:tki:ttz                     NA         NA      NA       NA  
kkr:urs:utk:atr:hnk:ttz                     NA         NA      NA       NA  
kkr:urs:utk:nhn:hnk:ttz                     NA         NA      NA       NA  
kkr:urs:atr:nhn:hnk:ttz                     NA         NA      NA       NA  
kkr:utk:atr:nhn:hnk:ttz                     NA         NA      NA       NA  
urs:utk:atr:nhn:hnk:ttz                     NA         NA      NA       NA  
kkr:urs:utk:tki:hnk:ttz                     NA         NA      NA       NA  
kkr:urs:atr:tki:hnk:ttz                     NA         NA      NA       NA  
kkr:utk:atr:tki:hnk:ttz                     NA         NA      NA       NA  
urs:utk:atr:tki:hnk:ttz                     NA         NA      NA       NA  
kkr:urs:nhn:tki:hnk:ttz                     NA         NA      NA       NA  
kkr:utk:nhn:tki:hnk:ttz                     NA         NA      NA       NA  
urs:utk:nhn:tki:hnk:ttz                     NA         NA      NA       NA  
kkr:atr:nhn:tki:hnk:ttz                     NA         NA      NA       NA  
urs:atr:nhn:tki:hnk:ttz                     NA         NA      NA       NA  
utk:atr:nhn:tki:hnk:ttz                     NA         NA      NA       NA  
kkr:urs:utk:atr:nhn:ans                     NA         NA      NA       NA  
kkr:urs:utk:atr:tki:ans                     NA         NA      NA       NA  
kkr:urs:utk:nhn:tki:ans                     NA         NA      NA       NA  
kkr:urs:atr:nhn:tki:ans                     NA         NA      NA       NA  
kkr:utk:atr:nhn:tki:ans                     NA         NA      NA       NA  
urs:utk:atr:nhn:tki:ans                     NA         NA      NA       NA  
kkr:urs:utk:atr:hnk:ans                     NA         NA      NA       NA  
kkr:urs:utk:nhn:hnk:ans                     NA         NA      NA       NA  
kkr:urs:atr:nhn:hnk:ans                     NA         NA      NA       NA  
kkr:utk:atr:nhn:hnk:ans                     NA         NA      NA       NA  
urs:utk:atr:nhn:hnk:ans                     NA         NA      NA       NA  
kkr:urs:utk:tki:hnk:ans                     NA         NA      NA       NA  
kkr:urs:atr:tki:hnk:ans                     NA         NA      NA       NA  
kkr:utk:atr:tki:hnk:ans                     NA         NA      NA       NA  
urs:utk:atr:tki:hnk:ans                     NA         NA      NA       NA  
kkr:urs:nhn:tki:hnk:ans                     NA         NA      NA       NA  
kkr:utk:nhn:tki:hnk:ans                     NA         NA      NA       NA  
urs:utk:nhn:tki:hnk:ans                     NA         NA      NA       NA  
kkr:atr:nhn:tki:hnk:ans                     NA         NA      NA       NA  
urs:atr:nhn:tki:hnk:ans                     NA         NA      NA       NA  
utk:atr:nhn:tki:hnk:ans                     NA         NA      NA       NA  
kkr:urs:utk:atr:ttz:ans                     NA         NA      NA       NA  
kkr:urs:utk:nhn:ttz:ans                     NA         NA      NA       NA  
kkr:urs:atr:nhn:ttz:ans                     NA         NA      NA       NA  
kkr:utk:atr:nhn:ttz:ans                     NA         NA      NA       NA  
urs:utk:atr:nhn:ttz:ans                     NA         NA      NA       NA  
kkr:urs:utk:tki:ttz:ans                     NA         NA      NA       NA  
kkr:urs:atr:tki:ttz:ans                     NA         NA      NA       NA  
kkr:utk:atr:tki:ttz:ans                     NA         NA      NA       NA  
urs:utk:atr:tki:ttz:ans                     NA         NA      NA       NA  
kkr:urs:nhn:tki:ttz:ans                     NA         NA      NA       NA  
kkr:utk:nhn:tki:ttz:ans                     NA         NA      NA       NA  
urs:utk:nhn:tki:ttz:ans                     NA         NA      NA       NA  
kkr:atr:nhn:tki:ttz:ans                     NA         NA      NA       NA  
urs:atr:nhn:tki:ttz:ans                     NA         NA      NA       NA  
utk:atr:nhn:tki:ttz:ans                     NA         NA      NA       NA  
kkr:urs:utk:hnk:ttz:ans                     NA         NA      NA       NA  
kkr:urs:atr:hnk:ttz:ans                     NA         NA      NA       NA  
kkr:utk:atr:hnk:ttz:ans                     NA         NA      NA       NA  
urs:utk:atr:hnk:ttz:ans                     NA         NA      NA       NA  
kkr:urs:nhn:hnk:ttz:ans                     NA         NA      NA       NA  
kkr:utk:nhn:hnk:ttz:ans                     NA         NA      NA       NA  
urs:utk:nhn:hnk:ttz:ans                     NA         NA      NA       NA  
kkr:atr:nhn:hnk:ttz:ans                     NA         NA      NA       NA  
urs:atr:nhn:hnk:ttz:ans                     NA         NA      NA       NA  
utk:atr:nhn:hnk:ttz:ans                     NA         NA      NA       NA  
kkr:urs:tki:hnk:ttz:ans                     NA         NA      NA       NA  
kkr:utk:tki:hnk:ttz:ans                     NA         NA      NA       NA  
urs:utk:tki:hnk:ttz:ans                     NA         NA      NA       NA  
kkr:atr:tki:hnk:ttz:ans                     NA         NA      NA       NA  
urs:atr:tki:hnk:ttz:ans                     NA         NA      NA       NA  
utk:atr:tki:hnk:ttz:ans                     NA         NA      NA       NA  
kkr:nhn:tki:hnk:ttz:ans                     NA         NA      NA       NA  
urs:nhn:tki:hnk:ttz:ans                     NA         NA      NA       NA  
utk:nhn:tki:hnk:ttz:ans                     NA         NA      NA       NA  
atr:nhn:tki:hnk:ttz:ans                     NA         NA      NA       NA  
kkr:urs:utk:atr:nhn:tki:hnk                 NA         NA      NA       NA  
kkr:urs:utk:atr:nhn:tki:ttz                 NA         NA      NA       NA  
kkr:urs:utk:atr:nhn:hnk:ttz                 NA         NA      NA       NA  
kkr:urs:utk:atr:tki:hnk:ttz                 NA         NA      NA       NA  
kkr:urs:utk:nhn:tki:hnk:ttz                 NA         NA      NA       NA  
kkr:urs:atr:nhn:tki:hnk:ttz                 NA         NA      NA       NA  
kkr:utk:atr:nhn:tki:hnk:ttz                 NA         NA      NA       NA  
urs:utk:atr:nhn:tki:hnk:ttz                 NA         NA      NA       NA  
kkr:urs:utk:atr:nhn:tki:ans                 NA         NA      NA       NA  
kkr:urs:utk:atr:nhn:hnk:ans                 NA         NA      NA       NA  
kkr:urs:utk:atr:tki:hnk:ans                 NA         NA      NA       NA  
kkr:urs:utk:nhn:tki:hnk:ans                 NA         NA      NA       NA  
kkr:urs:atr:nhn:tki:hnk:ans                 NA         NA      NA       NA  
kkr:utk:atr:nhn:tki:hnk:ans                 NA         NA      NA       NA  
urs:utk:atr:nhn:tki:hnk:ans                 NA         NA      NA       NA  
kkr:urs:utk:atr:nhn:ttz:ans                 NA         NA      NA       NA  
kkr:urs:utk:atr:tki:ttz:ans                 NA         NA      NA       NA  
kkr:urs:utk:nhn:tki:ttz:ans                 NA         NA      NA       NA  
kkr:urs:atr:nhn:tki:ttz:ans                 NA         NA      NA       NA  
kkr:utk:atr:nhn:tki:ttz:ans                 NA         NA      NA       NA  
urs:utk:atr:nhn:tki:ttz:ans                 NA         NA      NA       NA  
kkr:urs:utk:atr:hnk:ttz:ans                 NA         NA      NA       NA  
kkr:urs:utk:nhn:hnk:ttz:ans                 NA         NA      NA       NA  
kkr:urs:atr:nhn:hnk:ttz:ans                 NA         NA      NA       NA  
kkr:utk:atr:nhn:hnk:ttz:ans                 NA         NA      NA       NA  
urs:utk:atr:nhn:hnk:ttz:ans                 NA         NA      NA       NA  
kkr:urs:utk:tki:hnk:ttz:ans                 NA         NA      NA       NA  
kkr:urs:atr:tki:hnk:ttz:ans                 NA         NA      NA       NA  
kkr:utk:atr:tki:hnk:ttz:ans                 NA         NA      NA       NA  
urs:utk:atr:tki:hnk:ttz:ans                 NA         NA      NA       NA  
kkr:urs:nhn:tki:hnk:ttz:ans                 NA         NA      NA       NA  
kkr:utk:nhn:tki:hnk:ttz:ans                 NA         NA      NA       NA  
urs:utk:nhn:tki:hnk:ttz:ans                 NA         NA      NA       NA  
kkr:atr:nhn:tki:hnk:ttz:ans                 NA         NA      NA       NA  
urs:atr:nhn:tki:hnk:ttz:ans                 NA         NA      NA       NA  
utk:atr:nhn:tki:hnk:ttz:ans                 NA         NA      NA       NA  
kkr:urs:utk:atr:nhn:tki:hnk:ttz             NA         NA      NA       NA  
kkr:urs:utk:atr:nhn:tki:hnk:ans             NA         NA      NA       NA  
kkr:urs:utk:atr:nhn:tki:ttz:ans             NA         NA      NA       NA  
kkr:urs:utk:atr:nhn:hnk:ttz:ans             NA         NA      NA       NA  
kkr:urs:utk:atr:tki:hnk:ttz:ans             NA         NA      NA       NA  
kkr:urs:utk:nhn:tki:hnk:ttz:ans             NA         NA      NA       NA  
kkr:urs:atr:nhn:tki:hnk:ttz:ans             NA         NA      NA       NA  
kkr:utk:atr:nhn:tki:hnk:ttz:ans             NA         NA      NA       NA  
urs:utk:atr:nhn:tki:hnk:ttz:ans             NA         NA      NA       NA  
kkr:urs:utk:atr:nhn:tki:hnk:ttz:ans         NA         NA      NA       NA  
---
Signif. codes:  0 ‘***’ 0.001 ‘**’ 0.01 ‘*’ 0.05 ‘.’ 0.1 ‘ ’ 1

Residual standard error: 0.7746 on 5 degrees of freedom
Multiple R-squared:  0.9901,	Adjusted R-squared:  0.6658 
F-statistic: 3.053 on 164 and 5 DF,  p-value: 0.1042

> r<-lm(formula=mns~kkr+urs+utk+atr+nhn+tki+hnk+ttz+ans)
> summary(r)

Call:
lm(formula = mns ~ kkr + urs + utk + atr + nhn + tki + hnk + 
    ttz + ans)

Residuals:
     Min       1Q   Median       3Q      Max 
-2.81252 -0.77580  0.05811  0.75511  3.04528 

Coefficients:
              Estimate Std. Error t value Pr(>|t|)    
(Intercept)  0.2151655  0.1665878   1.292   0.1984    
kkr         -0.0184225  0.1345143  -0.137   0.8912    
urs         -0.1152884  0.1213674  -0.950   0.3436    
utk         -0.0888912  0.1215419  -0.731   0.4656    
atr         -0.4545562  0.1026472  -4.428 1.75e-05 ***
nhn          0.0007351  0.1062513   0.007   0.9945    
tki          0.0683194  0.0835963   0.817   0.4150    
hnk         -0.0707363  0.0972909  -0.727   0.4683    
ttz          0.0263693  0.1128222   0.234   0.8155    
ans         -0.1952623  0.0905718  -2.156   0.0326 *  
---
Signif. codes:  0 ‘***’ 0.001 ‘**’ 0.01 ‘*’ 0.05 ‘.’ 0.1 ‘ ’ 1

Residual standard error: 1.096 on 160 degrees of freedom
Multiple R-squared:  0.3663,	Adjusted R-squared:  0.3307 
F-statistic: 10.28 on 9 and 160 DF,  p-value: 1.964e-12

> r<-lm(formula=mns~(kkr+urs+utk+atr+nhn+tki+hnk+ttz+ans)^2)
> summary(r)

Call:
lm(formula = mns ~ (kkr + urs + utk + atr + nhn + tki + hnk + 
    ttz + ans)^2)

Residuals:
    Min      1Q  Median      3Q     Max 
-2.8340 -0.5120  0.0169  0.5800  2.3215 

Coefficients:
             Estimate Std. Error t value Pr(>|t|)  
(Intercept)  0.498831   0.326607   1.527   0.1292  
kkr          0.050218   0.264185   0.190   0.8496  
urs         -0.272715   0.278934  -0.978   0.3301  
utk         -0.551438   0.271717  -2.029   0.0446 *
atr         -0.183669   0.244178  -0.752   0.4534  
nhn          0.346202   0.267067   1.296   0.1973  
tki          0.055246   0.175487   0.315   0.7534  
hnk         -0.215659   0.227602  -0.948   0.3452  
ttz         -0.168768   0.300222  -0.562   0.5750  
ans          0.178068   0.222569   0.800   0.4252  
kkr:urs     -0.020736   0.194858  -0.106   0.9154  
kkr:utk      0.015892   0.172999   0.092   0.9270  
kkr:atr     -0.044232   0.177179  -0.250   0.8033  
kkr:nhn     -0.180989   0.201700  -0.897   0.3713  
kkr:tki     -0.060448   0.167647  -0.361   0.7190  
kkr:hnk      0.324292   0.204038   1.589   0.1145  
kkr:ttz     -0.002574   0.196114  -0.013   0.9895  
kkr:ans     -0.082804   0.145595  -0.569   0.5706  
urs:utk      0.272981   0.201647   1.354   0.1783  
urs:atr      0.303687   0.159762   1.901   0.0596 .
urs:nhn      0.131874   0.171863   0.767   0.4443  
urs:tki     -0.021300   0.145019  -0.147   0.8835  
urs:hnk     -0.122775   0.181539  -0.676   0.5001  
urs:ttz      0.122608   0.195041   0.629   0.5307  
urs:ans     -0.246278   0.118273  -2.082   0.0394 *
utk:atr      0.026434   0.205364   0.129   0.8978  
utk:nhn     -0.124871   0.190693  -0.655   0.5138  
utk:tki     -0.161371   0.166757  -0.968   0.3351  
utk:hnk      0.073042   0.174852   0.418   0.6769  
utk:ttz      0.294429   0.194679   1.512   0.1330  
utk:ans     -0.020340   0.161537  -0.126   0.9000  
atr:nhn      0.228965   0.168899   1.356   0.1777  
atr:tki      0.060841   0.101303   0.601   0.5492  
atr:hnk     -0.264174   0.144512  -1.828   0.0699 .
atr:ttz     -0.182306   0.163817  -1.113   0.2679  
atr:ans     -0.105887   0.128114  -0.827   0.4101  
nhn:tki     -0.039575   0.122295  -0.324   0.7468  
nhn:hnk     -0.067933   0.135877  -0.500   0.6180  
nhn:ttz     -0.307601   0.177783  -1.730   0.0861 .
nhn:ans      0.054482   0.137942   0.395   0.6935  
tki:hnk      0.182141   0.115050   1.583   0.1159  
tki:ttz      0.133443   0.132672   1.006   0.3165  
tki:ans      0.151092   0.113317   1.333   0.1849  
hnk:ttz     -0.024292   0.119918  -0.203   0.8398  
hnk:ans     -0.167855   0.143525  -1.170   0.2444  
ttz:ans     -0.275267   0.151821  -1.813   0.0722 .
---
Signif. codes:  0 ‘***’ 0.001 ‘**’ 0.01 ‘*’ 0.05 ‘.’ 0.1 ‘ ’ 1

Residual standard error: 1.069 on 124 degrees of freedom
Multiple R-squared:  0.5328,	Adjusted R-squared:  0.3633 
F-statistic: 3.143 on 45 and 124 DF,  p-value: 2.896e-07

> r2 <- step(r)
Start:  AIC=61.1
mns ~ (kkr + urs + utk + atr + nhn + tki + hnk + ttz + ans)^2

          Df Sum of Sq    RSS    AIC
- kkr:ttz  1    0.0002 141.75 59.101
- kkr:utk  1    0.0096 141.76 59.113
- kkr:urs  1    0.0129 141.76 59.116
- utk:ans  1    0.0181 141.76 59.123
- utk:atr  1    0.0189 141.76 59.124
- urs:tki  1    0.0247 141.77 59.131
- hnk:ttz  1    0.0469 141.79 59.157
- kkr:atr  1    0.0712 141.82 59.186
- nhn:tki  1    0.1197 141.87 59.244
- kkr:tki  1    0.1486 141.90 59.279
- nhn:ans  1    0.1783 141.93 59.315
- utk:hnk  1    0.1995 141.95 59.340
- nhn:hnk  1    0.2857 142.03 59.443
- kkr:ans  1    0.3697 142.12 59.544
- atr:tki  1    0.4123 142.16 59.595
- urs:ttz  1    0.4517 142.20 59.642
- utk:nhn  1    0.4902 142.24 59.688
- urs:hnk  1    0.5228 142.27 59.727
- urs:nhn  1    0.6730 142.42 59.906
- atr:ans  1    0.7809 142.53 60.035
- kkr:nhn  1    0.9204 142.67 60.201
- utk:tki  1    1.0705 142.82 60.380
- tki:ttz  1    1.1565 142.90 60.482
- atr:ttz  1    1.4157 143.16 60.790
- hnk:ans  1    1.5635 143.31 60.966
<none>                 141.75 61.101
- tki:ans  1    2.0323 143.78 61.521
- urs:utk  1    2.0949 143.84 61.595
- atr:nhn  1    2.1008 143.85 61.602
- utk:ttz  1    2.6146 144.36 62.208
- tki:hnk  1    2.8650 144.61 62.503
- kkr:hnk  1    2.8876 144.63 62.529
- nhn:ttz  1    3.4220 145.17 63.156
- ttz:ans  1    3.7578 145.50 63.549
- atr:hnk  1    3.8200 145.57 63.622
- urs:atr  1    4.1304 145.88 63.984
- urs:ans  1    4.9565 146.70 64.944

Step:  AIC=59.1
mns ~ kkr + urs + utk + atr + nhn + tki + hnk + ttz + ans + kkr:urs + 
    kkr:utk + kkr:atr + kkr:nhn + kkr:tki + kkr:hnk + kkr:ans + 
    urs:utk + urs:atr + urs:nhn + urs:tki + urs:hnk + urs:ttz + 
    urs:ans + utk:atr + utk:nhn + utk:tki + utk:hnk + utk:ttz + 
    utk:ans + atr:nhn + atr:tki + atr:hnk + atr:ttz + atr:ans + 
    nhn:tki + nhn:hnk + nhn:ttz + nhn:ans + tki:hnk + tki:ttz + 
    tki:ans + hnk:ttz + hnk:ans + ttz:ans

          Df Sum of Sq    RSS    AIC
- kkr:utk  1    0.0095 141.76 57.113
- kkr:urs  1    0.0130 141.76 57.117
- utk:ans  1    0.0181 141.76 57.123
- utk:atr  1    0.0188 141.76 57.124
- urs:tki  1    0.0248 141.77 57.131
- hnk:ttz  1    0.0491 141.80 57.160
- kkr:atr  1    0.0712 141.82 57.187
- nhn:tki  1    0.1218 141.87 57.247
- kkr:tki  1    0.1720 141.92 57.307
- nhn:ans  1    0.1784 141.93 57.315
- utk:hnk  1    0.2239 141.97 57.370
- nhn:hnk  1    0.2862 142.03 57.444
- kkr:ans  1    0.3968 142.14 57.576
- atr:tki  1    0.4141 142.16 57.597
- urs:ttz  1    0.4594 142.21 57.651
- utk:nhn  1    0.5051 142.25 57.706
- urs:hnk  1    0.5230 142.27 57.727
- urs:nhn  1    0.6742 142.42 57.908
- atr:ans  1    0.7848 142.53 58.040
- kkr:nhn  1    0.9209 142.67 58.202
- utk:tki  1    1.0927 142.84 58.407
- tki:ttz  1    1.1947 142.94 58.528
- atr:ttz  1    1.5182 143.26 58.912
- hnk:ans  1    1.6016 143.35 59.011
<none>                 141.75 59.101
- tki:ans  1    2.0700 143.82 59.566
- urs:utk  1    2.0974 143.84 59.598
- atr:nhn  1    2.1388 143.88 59.647
- tki:hnk  1    2.8696 144.62 60.508
- utk:ttz  1    2.9683 144.72 60.624
- nhn:ttz  1    3.4455 145.19 61.184
- atr:hnk  1    3.8415 145.59 61.647
- ttz:ans  1    3.8419 145.59 61.647
- kkr:hnk  1    3.9934 145.74 61.824
- urs:atr  1    4.1536 145.90 62.011
- urs:ans  1    4.9665 146.71 62.956

Step:  AIC=57.11
mns ~ kkr + urs + utk + atr + nhn + tki + hnk + ttz + ans + kkr:urs + 
    kkr:atr + kkr:nhn + kkr:tki + kkr:hnk + kkr:ans + urs:utk + 
    urs:atr + urs:nhn + urs:tki + urs:hnk + urs:ttz + urs:ans + 
    utk:atr + utk:nhn + utk:tki + utk:hnk + utk:ttz + utk:ans + 
    atr:nhn + atr:tki + atr:hnk + atr:ttz + atr:ans + nhn:tki + 
    nhn:hnk + nhn:ttz + nhn:ans + tki:hnk + tki:ttz + tki:ans + 
    hnk:ttz + hnk:ans + ttz:ans

          Df Sum of Sq    RSS    AIC
- kkr:urs  1    0.0137 141.77 55.129
- utk:ans  1    0.0173 141.77 55.133
- urs:tki  1    0.0224 141.78 55.140
- utk:atr  1    0.0275 141.78 55.146
- hnk:ttz  1    0.0437 141.80 55.165
- kkr:atr  1    0.0622 141.82 55.187
- nhn:tki  1    0.1218 141.88 55.259
- kkr:tki  1    0.1737 141.93 55.321
- nhn:ans  1    0.1861 141.94 55.336
- utk:hnk  1    0.2253 141.98 55.383
- nhn:hnk  1    0.2830 142.04 55.452
- kkr:ans  1    0.4031 142.16 55.595
- atr:tki  1    0.4244 142.18 55.621
- urs:ttz  1    0.4589 142.22 55.662
- utk:nhn  1    0.4956 142.25 55.706
- urs:hnk  1    0.5479 142.30 55.768
- urs:nhn  1    0.6717 142.43 55.916
- atr:ans  1    0.8034 142.56 56.073
- kkr:nhn  1    0.9148 142.67 56.206
- utk:tki  1    1.1269 142.88 56.459
- tki:ttz  1    1.1865 142.94 56.530
- atr:ttz  1    1.5102 143.27 56.914
- hnk:ans  1    1.5935 143.35 57.013
<none>                 141.76 57.113
- tki:ans  1    2.0605 143.82 57.566
- atr:nhn  1    2.2437 144.00 57.782
- urs:utk  1    2.6236 144.38 58.230
- tki:hnk  1    2.8913 144.65 58.545
- utk:ttz  1    3.0265 144.78 58.704
- nhn:ttz  1    3.4914 145.25 59.249
- ttz:ans  1    3.8390 145.59 59.655
- atr:hnk  1    4.0723 145.83 59.927
- urs:atr  1    4.1831 145.94 60.057
- kkr:hnk  1    4.2877 146.04 60.178
- urs:ans  1    4.9581 146.71 60.957

Step:  AIC=55.13
mns ~ kkr + urs + utk + atr + nhn + tki + hnk + ttz + ans + kkr:atr + 
    kkr:nhn + kkr:tki + kkr:hnk + kkr:ans + urs:utk + urs:atr + 
    urs:nhn + urs:tki + urs:hnk + urs:ttz + urs:ans + utk:atr + 
    utk:nhn + utk:tki + utk:hnk + utk:ttz + utk:ans + atr:nhn + 
    atr:tki + atr:hnk + atr:ttz + atr:ans + nhn:tki + nhn:hnk + 
    nhn:ttz + nhn:ans + tki:hnk + tki:ttz + tki:ans + hnk:ttz + 
    hnk:ans + ttz:ans

          Df Sum of Sq    RSS    AIC
- urs:tki  1    0.0129 141.78 53.144
- utk:ans  1    0.0177 141.79 53.150
- utk:atr  1    0.0322 141.80 53.168
- hnk:ttz  1    0.0457 141.81 53.184
- kkr:atr  1    0.0838 141.85 53.229
- nhn:tki  1    0.1317 141.90 53.287
- kkr:tki  1    0.1845 141.95 53.350
- nhn:ans  1    0.2166 141.99 53.389
- utk:hnk  1    0.2559 142.03 53.436
- nhn:hnk  1    0.2763 142.05 53.460
- atr:tki  1    0.4155 142.19 53.626
- urs:ttz  1    0.4626 142.23 53.683
- utk:nhn  1    0.4822 142.25 53.706
- kkr:ans  1    0.4931 142.26 53.719
- urs:hnk  1    0.5855 142.35 53.830
- urs:nhn  1    0.6673 142.44 53.927
- atr:ans  1    0.8038 142.57 54.090
- kkr:nhn  1    1.0279 142.80 54.357
- utk:tki  1    1.1150 142.88 54.461
- tki:ttz  1    1.1835 142.95 54.542
- atr:ttz  1    1.5020 143.27 54.921
- hnk:ans  1    1.5977 143.37 55.034
<none>                 141.77 55.129
- tki:ans  1    2.0511 143.82 55.571
- atr:nhn  1    2.4179 144.19 56.004
- tki:hnk  1    2.9450 144.72 56.624
- utk:ttz  1    3.0397 144.81 56.735
- urs:utk  1    3.1061 144.88 56.813
- nhn:ttz  1    3.4936 145.26 57.268
- ttz:ans  1    3.8333 145.60 57.665
- atr:hnk  1    4.2152 145.99 58.110
- urs:atr  1    4.2738 146.04 58.178
- kkr:hnk  1    4.4967 146.27 58.437
- urs:ans  1    5.2517 147.02 59.313

Step:  AIC=53.14
mns ~ kkr + urs + utk + atr + nhn + tki + hnk + ttz + ans + kkr:atr + 
    kkr:nhn + kkr:tki + kkr:hnk + kkr:ans + urs:utk + urs:atr + 
    urs:nhn + urs:hnk + urs:ttz + urs:ans + utk:atr + utk:nhn + 
    utk:tki + utk:hnk + utk:ttz + utk:ans + atr:nhn + atr:tki + 
    atr:hnk + atr:ttz + atr:ans + nhn:tki + nhn:hnk + nhn:ttz + 
    nhn:ans + tki:hnk + tki:ttz + tki:ans + hnk:ttz + hnk:ans + 
    ttz:ans

          Df Sum of Sq    RSS    AIC
- utk:ans  1    0.0183 141.80 51.166
- utk:atr  1    0.0272 141.81 51.177
- hnk:ttz  1    0.0522 141.84 51.207
- kkr:atr  1    0.0775 141.86 51.237
- nhn:tki  1    0.1380 141.92 51.310
- nhn:ans  1    0.2037 141.99 51.389
- kkr:tki  1    0.2101 141.99 51.396
- nhn:hnk  1    0.2741 142.06 51.473
- utk:hnk  1    0.2746 142.06 51.473
- atr:tki  1    0.4033 142.19 51.627
- urs:ttz  1    0.4674 142.25 51.704
- utk:nhn  1    0.4704 142.25 51.708
- kkr:ans  1    0.5187 142.30 51.765
- urs:nhn  1    0.6549 142.44 51.928
- urs:hnk  1    0.7121 142.50 51.996
- atr:ans  1    0.7911 142.57 52.090
- kkr:nhn  1    1.0160 142.80 52.358
- utk:tki  1    1.1022 142.88 52.461
- tki:ttz  1    1.1706 142.95 52.542
- atr:ttz  1    1.5131 143.30 52.949
- hnk:ans  1    1.5849 143.37 53.034
<none>                 141.78 53.144
- tki:ans  1    2.0695 143.85 53.608
- atr:nhn  1    2.5660 144.35 54.194
- tki:hnk  1    2.9955 144.78 54.699
- utk:ttz  1    3.0609 144.84 54.775
- urs:utk  1    3.3761 145.16 55.145
- nhn:ttz  1    3.4838 145.27 55.271
- ttz:ans  1    3.8226 145.60 55.667
- atr:hnk  1    4.4318 146.21 56.377
- kkr:hnk  1    4.5040 146.29 56.461
- urs:atr  1    4.6589 146.44 56.641
- urs:ans  1    5.2487 147.03 57.324

Step:  AIC=51.17
mns ~ kkr + urs + utk + atr + nhn + tki + hnk + ttz + ans + kkr:atr + 
    kkr:nhn + kkr:tki + kkr:hnk + kkr:ans + urs:utk + urs:atr + 
    urs:nhn + urs:hnk + urs:ttz + urs:ans + utk:atr + utk:nhn + 
    utk:tki + utk:hnk + utk:ttz + atr:nhn + atr:tki + atr:hnk + 
    atr:ttz + atr:ans + nhn:tki + nhn:hnk + nhn:ttz + nhn:ans + 
    tki:hnk + tki:ttz + tki:ans + hnk:ttz + hnk:ans + ttz:ans

          Df Sum of Sq    RSS    AIC
- utk:atr  1    0.0187 141.82 49.189
- hnk:ttz  1    0.0500 141.85 49.226
- kkr:atr  1    0.0619 141.86 49.241
- nhn:tki  1    0.1371 141.94 49.331
- nhn:ans  1    0.1856 141.99 49.389
- kkr:tki  1    0.2029 142.00 49.409
- nhn:hnk  1    0.2617 142.06 49.480
- utk:hnk  1    0.2741 142.07 49.495
- atr:tki  1    0.4325 142.23 49.684
- urs:ttz  1    0.4713 142.27 49.730
- utk:nhn  1    0.5798 142.38 49.860
- urs:hnk  1    0.6992 142.50 50.003
- urs:nhn  1    0.7012 142.50 50.005
- kkr:ans  1    0.7644 142.56 50.080
- atr:ans  1    0.9436 142.75 50.294
- kkr:nhn  1    0.9977 142.80 50.358
- tki:ttz  1    1.1528 142.95 50.543
- utk:tki  1    1.2238 143.03 50.627
- atr:ttz  1    1.5085 143.31 50.965
<none>                 141.80 51.166
- hnk:ans  1    1.9253 143.73 51.459
- tki:ans  1    2.1277 143.93 51.698
- atr:nhn  1    2.8170 144.62 52.510
- tki:hnk  1    3.1176 144.92 52.864
- utk:ttz  1    3.1285 144.93 52.876
- nhn:ttz  1    3.4953 145.30 53.306
- urs:utk  1    3.5645 145.37 53.387
- ttz:ans  1    3.8194 145.62 53.685
- atr:hnk  1    4.4428 146.24 54.411
- kkr:hnk  1    4.5915 146.39 54.584
- urs:atr  1    4.6691 146.47 54.674
- urs:ans  1    5.2305 147.03 55.324

Step:  AIC=49.19
mns ~ kkr + urs + utk + atr + nhn + tki + hnk + ttz + ans + kkr:atr + 
    kkr:nhn + kkr:tki + kkr:hnk + kkr:ans + urs:utk + urs:atr + 
    urs:nhn + urs:hnk + urs:ttz + urs:ans + utk:nhn + utk:tki + 
    utk:hnk + utk:ttz + atr:nhn + atr:tki + atr:hnk + atr:ttz + 
    atr:ans + nhn:tki + nhn:hnk + nhn:ttz + nhn:ans + tki:hnk + 
    tki:ttz + tki:ans + hnk:ttz + hnk:ans + ttz:ans

          Df Sum of Sq    RSS    AIC
- kkr:atr  1    0.0437 141.86 47.241
- hnk:ttz  1    0.0590 141.88 47.259
- nhn:tki  1    0.1671 141.99 47.389
- nhn:ans  1    0.1778 142.00 47.402
- kkr:tki  1    0.2738 142.09 47.517
- nhn:hnk  1    0.2953 142.12 47.542
- utk:hnk  1    0.3188 142.14 47.570
- atr:tki  1    0.4491 142.27 47.726
- urs:ttz  1    0.4886 142.31 47.773
- utk:nhn  1    0.5915 142.41 47.896
- urs:hnk  1    0.6819 142.50 48.004
- urs:nhn  1    0.7189 142.54 48.048
- kkr:ans  1    0.8627 142.68 48.220
- atr:ans  1    0.9308 142.75 48.301
- tki:ttz  1    1.1387 142.96 48.548
- kkr:nhn  1    1.1509 142.97 48.563
- utk:tki  1    1.3947 143.21 48.852
- atr:ttz  1    1.5328 143.35 49.016
<none>                 141.82 49.189
- hnk:ans  1    1.9332 143.75 49.490
- tki:ans  1    2.1779 144.00 49.780
- atr:nhn  1    2.9203 144.74 50.654
- tki:hnk  1    3.1582 144.98 50.933
- nhn:ttz  1    3.6156 145.44 51.468
- utk:ttz  1    3.7255 145.54 51.597
- ttz:ans  1    3.9424 145.76 51.850
- urs:utk  1    4.2217 146.04 52.175
- kkr:hnk  1    4.5747 146.39 52.586
- atr:hnk  1    4.6031 146.42 52.619
- urs:atr  1    4.6516 146.47 52.675
- urs:ans  1    5.3462 147.17 53.479

Step:  AIC=47.24
mns ~ kkr + urs + utk + atr + nhn + tki + hnk + ttz + ans + kkr:nhn + 
    kkr:tki + kkr:hnk + kkr:ans + urs:utk + urs:atr + urs:nhn + 
    urs:hnk + urs:ttz + urs:ans + utk:nhn + utk:tki + utk:hnk + 
    utk:ttz + atr:nhn + atr:tki + atr:hnk + atr:ttz + atr:ans + 
    nhn:tki + nhn:hnk + nhn:ttz + nhn:ans + tki:hnk + tki:ttz + 
    tki:ans + hnk:ttz + hnk:ans + ttz:ans

          Df Sum of Sq    RSS    AIC
- hnk:ttz  1    0.0402 141.90 45.289
- nhn:tki  1    0.1908 142.05 45.470
- nhn:ans  1    0.1920 142.06 45.471
- nhn:hnk  1    0.2807 142.14 45.577
- utk:hnk  1    0.2879 142.15 45.586
- kkr:tki  1    0.4567 142.32 45.788
- atr:tki  1    0.5227 142.39 45.866
- urs:ttz  1    0.5771 142.44 45.931
- utk:nhn  1    0.5960 142.46 45.954
- urs:hnk  1    0.6668 142.53 46.038
- urs:nhn  1    0.7779 142.64 46.171
- atr:ans  1    0.9529 142.82 46.379
- kkr:ans  1    1.0406 142.90 46.484
- kkr:nhn  1    1.1654 143.03 46.632
- tki:ttz  1    1.1728 143.04 46.641
- utk:tki  1    1.3602 143.22 46.863
- atr:ttz  1    1.6051 143.47 47.154
<none>                 141.86 47.241
- hnk:ans  1    1.9845 143.85 47.603
- tki:ans  1    2.2779 144.14 47.949
- atr:nhn  1    2.8807 144.74 48.659
- tki:hnk  1    3.1759 145.04 49.005
- nhn:ttz  1    3.6062 145.47 49.509
- utk:ttz  1    3.7170 145.58 49.638
- ttz:ans  1    4.0442 145.91 50.020
- urs:utk  1    4.1898 146.05 50.189
- urs:atr  1    4.8601 146.72 50.968
- atr:hnk  1    5.1460 147.01 51.298
- urs:ans  1    5.3205 147.18 51.500
- kkr:hnk  1    5.3480 147.21 51.532

Step:  AIC=45.29
mns ~ kkr + urs + utk + atr + nhn + tki + hnk + ttz + ans + kkr:nhn + 
    kkr:tki + kkr:hnk + kkr:ans + urs:utk + urs:atr + urs:nhn + 
    urs:hnk + urs:ttz + urs:ans + utk:nhn + utk:tki + utk:hnk + 
    utk:ttz + atr:nhn + atr:tki + atr:hnk + atr:ttz + atr:ans + 
    nhn:tki + nhn:hnk + nhn:ttz + nhn:ans + tki:hnk + tki:ttz + 
    tki:ans + hnk:ans + ttz:ans

          Df Sum of Sq    RSS    AIC
- nhn:ans  1    0.1904 142.09 43.517
- nhn:tki  1    0.1962 142.10 43.524
- utk:hnk  1    0.2555 142.16 43.595
- nhn:hnk  1    0.3121 142.22 43.663
- kkr:tki  1    0.5028 142.41 43.890
- atr:tki  1    0.5345 142.44 43.928
- urs:ttz  1    0.5785 142.48 43.981
- utk:nhn  1    0.5933 142.50 43.999
- urs:hnk  1    0.6361 142.54 44.050
- urs:nhn  1    0.7474 142.65 44.182
- atr:ans  1    0.9347 142.84 44.405
- kkr:ans  1    1.0062 142.91 44.490
- kkr:nhn  1    1.1296 143.03 44.637
- tki:ttz  1    1.1528 143.06 44.665
- utk:tki  1    1.3251 143.23 44.869
- atr:ttz  1    1.6429 143.55 45.246
<none>                 141.90 45.289
- hnk:ans  1    2.1558 144.06 45.852
- tki:ans  1    2.2956 144.20 46.017
- atr:nhn  1    2.8532 144.76 46.673
- tki:hnk  1    3.1442 145.05 47.015
- nhn:ttz  1    3.7841 145.69 47.763
- ttz:ans  1    4.0570 145.96 48.081
- utk:ttz  1    4.0972 146.00 48.128
- urs:utk  1    4.3645 146.27 48.439
- urs:atr  1    4.8326 146.74 48.982
- urs:ans  1    5.2919 147.19 49.514
- kkr:hnk  1    5.6362 147.54 49.911
- atr:hnk  1    5.6432 147.55 49.919

Step:  AIC=43.52
mns ~ kkr + urs + utk + atr + nhn + tki + hnk + ttz + ans + kkr:nhn + 
    kkr:tki + kkr:hnk + kkr:ans + urs:utk + urs:atr + urs:nhn + 
    urs:hnk + urs:ttz + urs:ans + utk:nhn + utk:tki + utk:hnk + 
    utk:ttz + atr:nhn + atr:tki + atr:hnk + atr:ttz + atr:ans + 
    nhn:tki + nhn:hnk + nhn:ttz + tki:hnk + tki:ttz + tki:ans + 
    hnk:ans + ttz:ans

          Df Sum of Sq    RSS    AIC
- utk:hnk  1    0.2240 142.32 41.785
- nhn:tki  1    0.2603 142.35 41.828
- nhn:hnk  1    0.2620 142.36 41.830
- kkr:tki  1    0.4627 142.56 42.070
- urs:ttz  1    0.4856 142.58 42.097
- atr:tki  1    0.5329 142.63 42.154
- utk:nhn  1    0.5826 142.68 42.213
- urs:hnk  1    0.7468 142.84 42.408
- atr:ans  1    0.8793 142.97 42.566
- kkr:ans  1    0.9614 143.06 42.664
- kkr:nhn  1    1.1358 143.23 42.871
- tki:ttz  1    1.1948 143.29 42.941
- utk:tki  1    1.3557 143.45 43.131
- urs:nhn  1    1.5428 143.64 43.353
<none>                 142.09 43.517
- atr:ttz  1    1.8233 143.92 43.685
- tki:ans  1    2.1928 144.29 44.121
- hnk:ans  1    2.2792 144.37 44.222
- tki:hnk  1    3.3794 145.47 45.513
- atr:nhn  1    3.5785 145.67 45.745
- nhn:ttz  1    3.6158 145.71 45.789
- ttz:ans  1    3.8850 145.98 46.103
- utk:ttz  1    4.0618 146.16 46.309
- urs:utk  1    4.3366 146.43 46.628
- urs:atr  1    4.6478 146.74 46.989
- urs:ans  1    5.1302 147.22 47.547
- atr:hnk  1    5.7970 147.89 48.315
- kkr:hnk  1    6.2716 148.37 48.860

Step:  AIC=41.78
mns ~ kkr + urs + utk + atr + nhn + tki + hnk + ttz + ans + kkr:nhn + 
    kkr:tki + kkr:hnk + kkr:ans + urs:utk + urs:atr + urs:nhn + 
    urs:hnk + urs:ttz + urs:ans + utk:nhn + utk:tki + utk:ttz + 
    atr:nhn + atr:tki + atr:hnk + atr:ttz + atr:ans + nhn:tki + 
    nhn:hnk + nhn:ttz + tki:hnk + tki:ttz + tki:ans + hnk:ans + 
    ttz:ans

          Df Sum of Sq    RSS    AIC
- nhn:hnk  1    0.1917 142.51 40.014
- nhn:tki  1    0.2435 142.56 40.076
- atr:tki  1    0.4209 142.74 40.287
- urs:ttz  1    0.4470 142.76 40.318
- kkr:tki  1    0.6028 142.92 40.503
- utk:nhn  1    0.6259 142.94 40.531
- urs:hnk  1    0.7839 143.10 40.719
- atr:ans  1    0.9341 143.25 40.897
- kkr:ans  1    0.9390 143.26 40.903
- kkr:nhn  1    1.0703 143.39 41.059
- utk:tki  1    1.1317 143.45 41.131
- tki:ttz  1    1.3138 143.63 41.347
- urs:nhn  1    1.4159 143.73 41.468
- atr:ttz  1    1.6807 144.00 41.781
<none>                 142.32 41.785
- tki:ans  1    2.1662 144.48 42.353
- hnk:ans  1    2.2804 144.60 42.487
- tki:hnk  1    3.3415 145.66 43.730
- nhn:ttz  1    3.3982 145.72 43.796
- atr:nhn  1    3.4482 145.77 43.855
- ttz:ans  1    3.8217 146.14 44.290
- utk:ttz  1    4.3458 146.66 44.898
- urs:utk  1    5.0056 147.32 45.661
- urs:atr  1    5.0481 147.37 45.711
- urs:ans  1    5.4675 147.78 46.194
- atr:hnk  1    5.5969 147.91 46.342
- kkr:hnk  1    8.9519 151.27 50.155

Step:  AIC=40.01
mns ~ kkr + urs + utk + atr + nhn + tki + hnk + ttz + ans + kkr:nhn + 
    kkr:tki + kkr:hnk + kkr:ans + urs:utk + urs:atr + urs:nhn + 
    urs:hnk + urs:ttz + urs:ans + utk:nhn + utk:tki + utk:ttz + 
    atr:nhn + atr:tki + atr:hnk + atr:ttz + atr:ans + nhn:tki + 
    nhn:ttz + tki:hnk + tki:ttz + tki:ans + hnk:ans + ttz:ans

          Df Sum of Sq    RSS    AIC
- urs:ttz  1    0.3420 142.85 38.421
- nhn:tki  1    0.4573 142.97 38.558
- atr:tki  1    0.5035 143.01 38.613
- kkr:tki  1    0.5895 143.10 38.716
- atr:ans  1    0.8768 143.39 39.057
- utk:nhn  1    0.8954 143.41 39.079
- urs:hnk  1    0.9142 143.42 39.101
- kkr:ans  1    0.9546 143.46 39.149
- kkr:nhn  1    1.1477 143.66 39.377
- urs:nhn  1    1.3064 143.82 39.565
- utk:tki  1    1.3431 143.85 39.608
- tki:ttz  1    1.4266 143.94 39.707
<none>                 142.51 40.014
- atr:ttz  1    1.8027 144.31 40.151
- tki:ans  1    1.9869 144.50 40.368
- hnk:ans  1    2.1348 144.64 40.542
- tki:hnk  1    3.4310 145.94 42.058
- atr:nhn  1    3.4813 145.99 42.117
- ttz:ans  1    3.6617 146.17 42.327
- nhn:ttz  1    4.2819 146.79 43.047
- utk:ttz  1    4.6077 147.12 43.423
- urs:atr  1    5.0569 147.57 43.942
- urs:utk  1    5.2616 147.77 44.177
- urs:ans  1    5.2760 147.79 44.194
- atr:hnk  1    5.8286 148.34 44.828
- kkr:hnk  1    8.7603 151.27 48.155

Step:  AIC=38.42
mns ~ kkr + urs + utk + atr + nhn + tki + hnk + ttz + ans + kkr:nhn + 
    kkr:tki + kkr:hnk + kkr:ans + urs:utk + urs:atr + urs:nhn + 
    urs:hnk + urs:ans + utk:nhn + utk:tki + utk:ttz + atr:nhn + 
    atr:tki + atr:hnk + atr:ttz + atr:ans + nhn:tki + nhn:ttz + 
    tki:hnk + tki:ttz + tki:ans + hnk:ans + ttz:ans

          Df Sum of Sq    RSS    AIC
- nhn:tki  1    0.4006 143.25 36.897
- atr:tki  1    0.4302 143.28 36.932
- kkr:tki  1    0.4888 143.34 37.002
- utk:nhn  1    0.8391 143.69 37.417
- kkr:ans  1    1.0160 143.87 37.626
- tki:ttz  1    1.3061 144.16 37.969
- urs:nhn  1    1.3384 144.19 38.007
- utk:tki  1    1.3528 144.20 38.024
- kkr:nhn  1    1.3550 144.21 38.026
- atr:ans  1    1.3703 144.22 38.044
- atr:ttz  1    1.6338 144.49 38.355
<none>                 142.85 38.421
- hnk:ans  1    1.8131 144.66 38.565
- tki:ans  1    1.9785 144.83 38.760
- urs:hnk  1    2.0838 144.94 38.883
- atr:nhn  1    3.3509 146.20 40.363
- tki:hnk  1    3.3692 146.22 40.384
- ttz:ans  1    3.5210 146.37 40.561
- nhn:ttz  1    4.1355 146.99 41.273
- utk:ttz  1    4.9972 147.85 42.267
- urs:ans  1    5.0202 147.87 42.293
- urs:utk  1    5.3299 148.18 42.649
- atr:hnk  1    5.7331 148.59 43.111
- urs:atr  1    8.1865 151.04 45.895
- kkr:hnk  1    8.6464 151.50 46.411

Step:  AIC=36.9
mns ~ kkr + urs + utk + atr + nhn + tki + hnk + ttz + ans + kkr:nhn + 
    kkr:tki + kkr:hnk + kkr:ans + urs:utk + urs:atr + urs:nhn + 
    urs:hnk + urs:ans + utk:nhn + utk:tki + utk:ttz + atr:nhn + 
    atr:tki + atr:hnk + atr:ttz + atr:ans + nhn:ttz + tki:hnk + 
    tki:ttz + tki:ans + hnk:ans + ttz:ans

          Df Sum of Sq    RSS    AIC
- kkr:tki  1    0.4477 143.70 35.428
- atr:tki  1    0.5277 143.78 35.522
- utk:nhn  1    0.7625 144.01 35.800
- tki:ttz  1    1.0807 144.33 36.175
- kkr:ans  1    1.0844 144.34 36.179
- urs:nhn  1    1.1696 144.42 36.280
- atr:ans  1    1.2600 144.51 36.386
- kkr:nhn  1    1.3549 144.61 36.498
- atr:ttz  1    1.4593 144.71 36.620
<none>                 143.25 36.897
- utk:tki  1    1.8336 145.09 37.060
- tki:ans  1    1.9700 145.22 37.219
- urs:hnk  1    2.0891 145.34 37.359
- hnk:ans  1    2.2803 145.53 37.582
- atr:nhn  1    3.0232 146.28 38.448
- ttz:ans  1    3.6518 146.90 39.177
- tki:hnk  1    4.2034 147.46 39.814
- nhn:ttz  1    4.4754 147.73 40.127
- utk:ttz  1    4.9805 148.23 40.707
- urs:ans  1    5.5584 148.81 41.369
- atr:hnk  1    5.8778 149.13 41.733
- urs:utk  1    6.0182 149.27 41.893
- urs:atr  1    8.5348 151.79 44.736
- kkr:hnk  1    8.8667 152.12 45.107

Step:  AIC=35.43
mns ~ kkr + urs + utk + atr + nhn + tki + hnk + ttz + ans + kkr:nhn + 
    kkr:hnk + kkr:ans + urs:utk + urs:atr + urs:nhn + urs:hnk + 
    urs:ans + utk:nhn + utk:tki + utk:ttz + atr:nhn + atr:tki + 
    atr:hnk + atr:ttz + atr:ans + nhn:ttz + tki:hnk + tki:ttz + 
    tki:ans + hnk:ans + ttz:ans

          Df Sum of Sq    RSS    AIC
- atr:tki  1    0.5249 144.22 34.048
- utk:nhn  1    0.7058 144.41 34.261
- tki:ttz  1    0.8883 144.59 34.476
- atr:ans  1    1.1000 144.80 34.724
- kkr:ans  1    1.4237 145.12 35.104
- atr:ttz  1    1.4390 145.14 35.122
- tki:ans  1    1.5607 145.26 35.264
- urs:nhn  1    1.6458 145.35 35.364
- kkr:nhn  1    1.6702 145.37 35.392
<none>                 143.70 35.428
- hnk:ans  1    1.9651 145.66 35.737
- urs:hnk  1    2.5344 146.23 36.400
- atr:nhn  1    2.6733 146.37 36.561
- ttz:ans  1    3.3049 147.00 37.293
- utk:tki  1    3.7486 147.45 37.806
- tki:hnk  1    3.9574 147.66 38.046
- nhn:ttz  1    4.4677 148.17 38.633
- utk:ttz  1    4.7622 148.46 38.970
- urs:ans  1    5.6344 149.33 39.966
- atr:hnk  1    5.8126 149.51 40.169
- urs:utk  1    6.4515 150.15 40.894
- urs:atr  1    8.1581 151.86 42.815
- kkr:hnk  1    8.8579 152.56 43.597

Step:  AIC=34.05
mns ~ kkr + urs + utk + atr + nhn + tki + hnk + ttz + ans + kkr:nhn + 
    kkr:hnk + kkr:ans + urs:utk + urs:atr + urs:nhn + urs:hnk + 
    urs:ans + utk:nhn + utk:tki + utk:ttz + atr:nhn + atr:hnk + 
    atr:ttz + atr:ans + nhn:ttz + tki:hnk + tki:ttz + tki:ans + 
    hnk:ans + ttz:ans

          Df Sum of Sq    RSS    AIC
- utk:nhn  1    0.7664 144.99 32.949
- atr:ans  1    0.8837 145.11 33.086
- atr:ttz  1    1.0978 145.32 33.337
- kkr:ans  1    1.2851 145.51 33.556
- tki:ttz  1    1.3116 145.54 33.587
- urs:nhn  1    1.3829 145.61 33.670
- kkr:nhn  1    1.4043 145.63 33.695
<none>                 144.22 34.048
- hnk:ans  1    2.2036 146.43 34.626
- tki:ans  1    2.2803 146.50 34.715
- urs:hnk  1    2.3130 146.54 34.752
- atr:nhn  1    2.8009 147.03 35.318
- utk:tki  1    3.2685 147.49 35.857
- tki:hnk  1    3.8132 148.04 36.484
- nhn:ttz  1    4.2401 148.47 36.974
- ttz:ans  1    4.4868 148.71 37.256
- utk:ttz  1    4.5795 148.80 37.362
- atr:hnk  1    5.2879 149.51 38.169
- urs:ans  1    5.6864 149.91 38.622
- urs:utk  1    6.1613 150.39 39.159
- urs:atr  1    7.9632 152.19 41.184
- kkr:hnk  1    8.3334 152.56 41.597

Step:  AIC=32.95
mns ~ kkr + urs + utk + atr + nhn + tki + hnk + ttz + ans + kkr:nhn + 
    kkr:hnk + kkr:ans + urs:utk + urs:atr + urs:nhn + urs:hnk + 
    urs:ans + utk:tki + utk:ttz + atr:nhn + atr:hnk + atr:ttz + 
    atr:ans + nhn:ttz + tki:hnk + tki:ttz + tki:ans + hnk:ans + 
    ttz:ans

          Df Sum of Sq    RSS    AIC
- atr:ans  1    0.6650 145.66 31.727
- atr:ttz  1    1.0558 146.05 32.182
- kkr:ans  1    1.1692 146.16 32.314
- tki:ttz  1    1.2328 146.22 32.388
- urs:nhn  1    1.3643 146.36 32.541
<none>                 144.99 32.949
- tki:ans  1    2.0100 147.00 33.289
- urs:hnk  1    2.0364 147.03 33.320
- hnk:ans  1    2.2692 147.26 33.589
- atr:nhn  1    2.4896 147.48 33.843
- utk:tki  1    2.5708 147.56 33.937
- kkr:nhn  1    3.0348 148.03 34.470
- tki:hnk  1    3.4487 148.44 34.945
- utk:ttz  1    3.8188 148.81 35.368
- nhn:ttz  1    4.1024 149.09 35.692
- ttz:ans  1    4.4683 149.46 36.109
- atr:hnk  1    5.0578 150.05 36.778
- urs:utk  1    5.5245 150.52 37.306
- urs:ans  1    6.0053 151.00 37.848
- urs:atr  1    7.5371 152.53 39.564
- kkr:hnk  1    8.0222 153.01 40.104

Step:  AIC=31.73
mns ~ kkr + urs + utk + atr + nhn + tki + hnk + ttz + ans + kkr:nhn + 
    kkr:hnk + kkr:ans + urs:utk + urs:atr + urs:nhn + urs:hnk + 
    urs:ans + utk:tki + utk:ttz + atr:nhn + atr:hnk + atr:ttz + 
    nhn:ttz + tki:hnk + tki:ttz + tki:ans + hnk:ans + ttz:ans

          Df Sum of Sq    RSS    AIC
- urs:nhn  1    1.2957 146.95 31.232
- tki:ans  1    1.3545 147.01 31.300
- kkr:ans  1    1.5900 147.25 31.572
- urs:hnk  1    1.6388 147.29 31.629
<none>                 145.66 31.727
- atr:ttz  1    1.7577 147.41 31.766
- tki:ttz  1    1.9228 147.58 31.956
- atr:nhn  1    2.1009 147.76 32.161
- hnk:ans  1    2.4881 148.14 32.606
- utk:tki  1    2.6791 148.34 32.825
- kkr:nhn  1    2.9314 148.59 33.114
- tki:hnk  1    3.5158 149.17 33.781
- nhn:ttz  1    3.8820 149.54 34.198
- utk:ttz  1    4.8753 150.53 35.324
- urs:utk  1    5.2077 150.86 35.699
- atr:hnk  1    5.2462 150.90 35.742
- ttz:ans  1    5.3689 151.03 35.880
- urs:ans  1    6.0817 151.74 36.681
- urs:atr  1    6.8835 152.54 37.577
- kkr:hnk  1    7.4294 153.09 38.184

Step:  AIC=31.23
mns ~ kkr + urs + utk + atr + nhn + tki + hnk + ttz + ans + kkr:nhn + 
    kkr:hnk + kkr:ans + urs:utk + urs:atr + urs:hnk + urs:ans + 
    utk:tki + utk:ttz + atr:nhn + atr:hnk + atr:ttz + nhn:ttz + 
    tki:hnk + tki:ttz + tki:ans + hnk:ans + ttz:ans

          Df Sum of Sq    RSS    AIC
- tki:ans  1    1.2785 148.23 30.705
- urs:hnk  1    1.6594 148.61 31.141
<none>                 146.95 31.232
- kkr:ans  1    1.8710 148.82 31.383
- atr:ttz  1    1.9028 148.85 31.419
- kkr:nhn  1    2.0277 148.98 31.562
- tki:ttz  1    2.1731 149.12 31.728
- atr:nhn  1    2.7595 149.71 32.395
- utk:tki  1    2.9131 149.87 32.569
- hnk:ans  1    2.9825 149.93 32.648
- nhn:ttz  1    3.8907 150.84 33.675
- tki:hnk  1    4.2745 151.23 34.107
- utk:ttz  1    5.0833 152.03 35.013
- atr:hnk  1    5.1356 152.09 35.072
- urs:ans  1    5.1751 152.13 35.116
- urs:utk  1    6.0936 153.05 36.139
- ttz:ans  1    6.2463 153.20 36.309
- kkr:hnk  1    7.0280 153.98 37.174
- urs:atr  1    7.0891 154.04 37.241

Step:  AIC=30.7
mns ~ kkr + urs + utk + atr + nhn + tki + hnk + ttz + ans + kkr:nhn + 
    kkr:hnk + kkr:ans + urs:utk + urs:atr + urs:hnk + urs:ans + 
    utk:tki + utk:ttz + atr:nhn + atr:hnk + atr:ttz + nhn:ttz + 
    tki:hnk + tki:ttz + hnk:ans + ttz:ans

          Df Sum of Sq    RSS    AIC
- urs:hnk  1    1.3479 149.58 30.244
<none>                 148.23 30.705
- kkr:ans  1    1.9408 150.17 30.916
- kkr:nhn  1    2.0030 150.23 30.987
- utk:tki  1    2.3487 150.58 31.377
- hnk:ans  1    2.5975 150.83 31.658
- atr:nhn  1    2.7355 150.97 31.813
- atr:ttz  1    2.9837 151.21 32.093
- tki:ttz  1    4.6720 152.90 33.980
- urs:ans  1    4.6847 152.91 33.994
- ttz:ans  1    5.1018 153.33 34.457
- nhn:ttz  1    5.1675 153.40 34.530
- utk:ttz  1    5.1688 153.40 34.532
- atr:hnk  1    5.1765 153.41 34.540
- urs:utk  1    5.8160 154.05 35.247
- tki:hnk  1    6.2106 154.44 35.682
- kkr:hnk  1    6.2261 154.46 35.699
- urs:atr  1    7.5070 155.74 37.103

Step:  AIC=30.24
mns ~ kkr + urs + utk + atr + nhn + tki + hnk + ttz + ans + kkr:nhn + 
    kkr:hnk + kkr:ans + urs:utk + urs:atr + urs:ans + utk:tki + 
    utk:ttz + atr:nhn + atr:hnk + atr:ttz + nhn:ttz + tki:hnk + 
    tki:ttz + hnk:ans + ttz:ans

          Df Sum of Sq    RSS    AIC
- kkr:ans  1    1.1771 150.75 29.576
<none>                 149.58 30.244
- kkr:nhn  1    2.2615 151.84 30.795
- utk:tki  1    2.2633 151.84 30.797
- atr:nhn  1    2.4577 152.04 31.014
- atr:ttz  1    2.5474 152.13 31.114
- hnk:ans  1    4.4290 154.01 33.204
- urs:utk  1    4.5709 154.15 33.361
- tki:ttz  1    4.6414 154.22 33.439
- atr:hnk  1    4.6700 154.25 33.470
- kkr:hnk  1    4.8853 154.46 33.707
- ttz:ans  1    5.2345 154.81 34.091
- urs:ans  1    5.8175 155.40 34.730
- nhn:ttz  1    5.9157 155.49 34.837
- tki:hnk  1    5.9187 155.50 34.841
- utk:ttz  1    6.4254 156.00 35.394
- urs:atr  1    7.4701 157.05 36.528

Step:  AIC=29.58
mns ~ kkr + urs + utk + atr + nhn + tki + hnk + ttz + ans + kkr:nhn + 
    kkr:hnk + urs:utk + urs:atr + urs:ans + utk:tki + utk:ttz + 
    atr:nhn + atr:hnk + atr:ttz + nhn:ttz + tki:hnk + tki:ttz + 
    hnk:ans + ttz:ans

          Df Sum of Sq    RSS    AIC
<none>                 150.75 29.576
- utk:tki  1    2.2688 153.02 30.116
- atr:ttz  1    2.6010 153.36 30.484
- atr:nhn  1    3.0397 153.79 30.970
- kkr:nhn  1    3.2684 154.02 31.222
- urs:utk  1    3.6614 154.42 31.656
- kkr:hnk  1    4.0375 154.79 32.069
- atr:hnk  1    4.5010 155.26 32.578
- tki:ttz  1    4.9082 155.66 33.023
- ttz:ans  1    4.9329 155.69 33.050
- hnk:ans  1    5.0513 155.81 33.179
- tki:hnk  1    6.1436 156.90 34.367
- utk:ttz  1    6.1746 156.93 34.400
- urs:atr  1    6.3848 157.14 34.628
- urs:ans  1    6.7455 157.50 35.018
- nhn:ttz  1    6.8304 157.59 35.109
> summary(r2)

Call:
lm(formula = mns ~ kkr + urs + utk + atr + nhn + tki + hnk + 
    ttz + ans + kkr:nhn + kkr:hnk + urs:utk + urs:atr + urs:ans + 
    utk:tki + utk:ttz + atr:nhn + atr:hnk + atr:ttz + nhn:ttz + 
    tki:hnk + tki:ttz + hnk:ans + ttz:ans)

Residuals:
     Min       1Q   Median       3Q      Max 
-2.97969 -0.65136  0.06116  0.73241  2.22895 

Coefficients:
             Estimate Std. Error t value Pr(>|t|)  
(Intercept)  0.452993   0.243129   1.863   0.0645 .
kkr          0.050313   0.159777   0.315   0.7533  
urs         -0.334342   0.160047  -2.089   0.0385 *
utk         -0.367550   0.149565  -2.457   0.0152 *
atr         -0.289554   0.136135  -2.127   0.0351 *
nhn          0.228778   0.168221   1.360   0.1759  
tki          0.054558   0.129374   0.422   0.6739  
hnk         -0.003223   0.130699  -0.025   0.9804  
ttz         -0.051015   0.177064  -0.288   0.7737  
ans         -0.070267   0.091726  -0.766   0.4449  
kkr:nhn     -0.241247   0.136064  -1.773   0.0783 .
kkr:hnk      0.196560   0.099744   1.971   0.0507 .
urs:utk      0.207602   0.110627   1.877   0.0626 .
urs:atr      0.245585   0.099102   2.478   0.0144 *
urs:ans     -0.241711   0.094895  -2.547   0.0119 *
utk:tki     -0.131507   0.089024  -1.477   0.1418  
utk:ttz      0.239175   0.098144   2.437   0.0160 *
atr:nhn      0.187667   0.109755   1.710   0.0894 .
atr:hnk     -0.221264   0.106342  -2.081   0.0392 *
atr:ttz     -0.195515   0.123613  -1.582   0.1159  
nhn:ttz     -0.258025   0.100668  -2.563   0.0114 *
tki:hnk      0.217210   0.089356   2.431   0.0163 *
tki:ttz      0.212278   0.097700   2.173   0.0314 *
hnk:ans     -0.220414   0.099998  -2.204   0.0291 *
ttz:ans     -0.222958   0.102358  -2.178   0.0310 *
---
Signif. codes:  0 ‘***’ 0.001 ‘**’ 0.01 ‘*’ 0.05 ‘.’ 0.1 ‘ ’ 1

Residual standard error: 1.02 on 145 degrees of freedom
Multiple R-squared:  0.5031,	Adjusted R-squared:  0.4209 
F-statistic: 6.118 on 24 and 145 DF,  p-value: 1.006e-12

> cor3<- cor(data3)
> cor3
                  快い     嬉しい       美しい      新しい    日本的な
快い        1.00000000  0.5639433  0.647988284  0.41622033  0.25638074
嬉しい      0.56394332  1.0000000  0.395008346  0.47700125  0.27111590
美しい      0.64798828  0.3950083  1.000000000  0.30995145  0.19218212
新しい      0.41622033  0.4770012  0.309951452  1.00000000  0.24926901
日本的な    0.25638074  0.2711159  0.192182122  0.24926901  1.00000000
むなしい   -0.36843795 -0.4235483 -0.296662577 -0.54681781 -0.16844415
都会的な    0.14164765  0.2748745  0.132633780  0.60506633  0.03295707
変化のある  0.24888560  0.1532481  0.347900749  0.03746219 -0.23559229
秩序のある  0.09415254  0.2171879  0.001659877  0.45825680  0.30903823
安心な      0.44563616  0.6094464  0.246234063  0.54954407  0.24669688
             むなしい    都会的な  変化のある   秩序のある      安心な
快い       -0.3684380  0.14164765  0.24888560  0.094152542  0.44563616
嬉しい     -0.4235483  0.27487448  0.15324813  0.217187901  0.60944640
美しい     -0.2966626  0.13263378  0.34790075  0.001659877  0.24623406
新しい     -0.5468178  0.60506633  0.03746219  0.458256804  0.54954407
日本的な   -0.1684441  0.03295707 -0.23559229  0.309038233  0.24669688
むなしい    1.0000000 -0.28466991 -0.12971355 -0.218594266 -0.47016170
都会的な   -0.2846699  1.00000000  0.06461644  0.414392346  0.35290456
変化のある -0.1297136  0.06461644  1.00000000 -0.460073931  0.04643745
秩序のある -0.2185943  0.41439235 -0.46007393  1.000000000  0.42571757
安心な     -0.4701617  0.35290456  0.04643745  0.425717566  1.00000000
> eigen3 <- eigen(cor3))$values
 エラー:  予想外の ')' です  in "eigen3 <- eigen(cor3))"
> eigen3 <- eigen(cor3)$values
> eigen3
 [1] 3.8242800 1.8486664 1.1723653 0.7203896 0.6287306 0.5570978 0.3869238
 [8] 0.3272454 0.2688565 0.2654447
> plot(eigen1, type="b", main="Scree Plot",xlab="Number", ylab="Eigenvalue")
> plot(eigen3, type="b", main="Scree Plot",xlab="Number", ylab="Eigenvalue")
> plot(eigen3, type="b", main="Scree Plot",xlab="Number", ylab="Eigenvalue")
> fit0 <- factanal(x=data, factors=3, rotation="none")
 solve.default(cv) でエラー: 
   システムは数値的に特異です: 条件数の逆数 = 1.73088e-17 
> fit0 <- factanal(x=data3, factors=3, rotation="none")
> print(fit0, cutoff=0)

Call:
factanal(x = data3, factors = 3, rotation = "none")

Uniquenesses:
      快い     嬉しい     美しい     新しい   日本的な   むなしい   都会的な 
     0.245      0.492      0.478      0.273      0.724      0.631      0.440 
変化のある 秩序のある     安心な 
     0.252      0.362      0.494 

Loadings:
           Factor1 Factor2 Factor3
快い        0.729   0.308   0.359 
嬉しい      0.701   0.069   0.113 
美しい      0.570   0.389   0.215 
新しい      0.782  -0.227  -0.253 
日本的な    0.327  -0.245   0.330 
むなしい   -0.598   0.013   0.103 
都会的な    0.518  -0.245  -0.481 
変化のある  0.184   0.780  -0.325 
秩序のある  0.415  -0.683   0.004 
安心な      0.696  -0.146  -0.010 

               Factor1 Factor2 Factor3
SS loadings      3.383   1.519   0.708
Proportion Var   0.338   0.152   0.071
Cumulative Var   0.338   0.490   0.561

Test of the hypothesis that 3 factors are sufficient.
The chi square statistic is 45.49 on 18 degrees of freedom.
The p-value is 0.000352 
> fit1 <- factanal(x=data3, factors=3, rotation="varimax")
> print(fit1, cutoff=0)

Call:
factanal(x = data3, factors = 3, rotation = "varimax")

Uniquenesses:
      快い     嬉しい     美しい     新しい   日本的な   むなしい   都会的な 
     0.245      0.492      0.478      0.273      0.724      0.631      0.440 
変化のある 秩序のある     安心な 
     0.252      0.362      0.494 

Loadings:
           Factor1 Factor2 Factor3
快い        0.857   0.147   0.003 
嬉しい      0.605   0.370   0.071 
美しい      0.697   0.108  -0.157 
新しい      0.346   0.768   0.135 
日本的な    0.313   0.083   0.413 
むなしい   -0.381  -0.473  -0.016 
都会的な    0.024   0.748   0.004 
変化のある  0.291   0.075  -0.811 
秩序のある  0.021   0.505   0.619 
安心な      0.446   0.522   0.187 

               Factor1 Factor2 Factor3
SS loadings      2.233   2.082   1.295
Proportion Var   0.223   0.208   0.129
Cumulative Var   0.223   0.432   0.561

Test of the hypothesis that 3 factors are sufficient.
The chi square statistic is 45.49 on 18 degrees of freedom.
The p-value is 0.000352 
> fit2 <- factanal(x=data3, factors=3, rotation="promax")
> print(fit2, cutoff=0)

Call:
factanal(x = data3, factors = 3, rotation = "promax")

Uniquenesses:
      快い     嬉しい     美しい     新しい   日本的な   むなしい   都会的な 
     0.245      0.492      0.478      0.273      0.724      0.631      0.440 
変化のある 秩序のある     安心な 
     0.252      0.362      0.494 

Loadings:
           Factor1 Factor2 Factor3
快い        0.940  -0.131   0.057 
嬉しい      0.559   0.223   0.014 
美しい      0.746  -0.086   0.210 
新しい      0.094   0.795   0.005 
日本的な    0.392  -0.101  -0.402 
むなしい   -0.244  -0.443  -0.079 
都会的な   -0.294   0.916   0.124 
変化のある  0.188   0.165   0.867 
秩序のある -0.102   0.482  -0.556 
安心な      0.325   0.443  -0.087 

               Factor1 Factor2 Factor3
SS loadings      2.214   2.207   1.299
Proportion Var   0.221   0.221   0.130
Cumulative Var   0.221   0.442   0.572

Factor Correlations:
        Factor1 Factor2 Factor3
Factor1  1.0000  0.0648  -0.596
Factor2  0.0648  1.0000  -0.284
Factor3 -0.5960 -0.2841   1.000

Test of the hypothesis that 3 factors are sufficient.
The chi square statistic is 45.49 on 18 degrees of freedom.
The p-value is 0.000352 
> > barplot(CATB50.fa$loadings)
 エラー:  予想外の '>' です  in ">"
> barplot(data3$loadings)
 barplot.default(data3$loadings) でエラー: 
   'height' はベクトルか行列でなければなりません 
> barplot(fit2$loadings)
> plot(fit2$loadings[,1:2],type="n"
+ )
> print(fit2, cutoff=0)

Call:
factanal(x = data3, factors = 3, rotation = "promax")

Uniquenesses:
      快い     嬉しい     美しい     新しい   日本的な   むなしい   都会的な 
     0.245      0.492      0.478      0.273      0.724      0.631      0.440 
変化のある 秩序のある     安心な 
     0.252      0.362      0.494 

Loadings:
           Factor1 Factor2 Factor3
快い        0.940  -0.131   0.057 
嬉しい      0.559   0.223   0.014 
美しい      0.746  -0.086   0.210 
新しい      0.094   0.795   0.005 
日本的な    0.392  -0.101  -0.402 
むなしい   -0.244  -0.443  -0.079 
都会的な   -0.294   0.916   0.124 
変化のある  0.188   0.165   0.867 
秩序のある -0.102   0.482  -0.556 
安心な      0.325   0.443  -0.087 

               Factor1 Factor2 Factor3
SS loadings      2.214   2.207   1.299
Proportion Var   0.221   0.221   0.130
Cumulative Var   0.221   0.442   0.572

Factor Correlations:
        Factor1 Factor2 Factor3
Factor1  1.0000  0.0648  -0.596
Factor2  0.0648  1.0000  -0.284
Factor3 -0.5960 -0.2841   1.000

Test of the hypothesis that 3 factors are sufficient.
The chi square statistic is 45.49 on 18 degrees of freedom.
The p-value is 0.000352 
> barplot(fit0$loadings)
> plot(fit2$loadings[,1:2],type="n")
> text(fit2$loadings[,1:2],colnames(fit2)
+ )
> plot(fit2$loadings[,1:2],type="n")
> text(fit2$loadings[,1:2],colnames(data3))
> abline(h=0)
> abline(v=0)
> plot(fit2$loadings[,1:3],type="n")
> text(fit2$loadings[,1:3],colnames(data3))
> plot(fit2$loadings[,2:3],type="n")
> text(fit2$loadings[,2:3],colnames(data3))
> abline(v=0)
> abline(h=0)
> par(mfrow = c(1, 2))
> par(mfrow = c(1, 2, 3))
 par(mfrow = c(1, 2, 3)) でエラー: 
   グラフィックパラメータ "mfrow" の長さが不正です 
> par(mfrow = c(1, 3))
> barplot(fit2$loadings[,1],main="Factor1",ylim=c(0,1)
+ )
> barplot(fit2$loadings[,1],main="Factor1",ylim=c(-1,1))
> barplot(fit2$loadings[,2],main="Factor2",ylim=c(-1,1))
> par(mfrow = c(1, 3))
> barplot(fit2$loadings[,1],main="Factor1",ylim=c(-1,1)
+ )
> barplot(fit2$loadings[,2],main="Factor2",ylim=c(-1,1)
+ )
> barplot(fit2$loadings[,3],main="Factor3",ylim=c(-1,1)
+ )
> fit0 <- factanal(x=data3, factors=3, rotation="none")
> print(fit0, cutoff=0)

Call:
factanal(x = data3, factors = 3, rotation = "none")

Uniquenesses:
      快い     嬉しい     美しい     新しい   日本的な   むなしい   都会的な 
     0.245      0.492      0.478      0.273      0.724      0.631      0.440 
変化のある 秩序のある     安心な 
     0.252      0.362      0.494 

Loadings:
           Factor1 Factor2 Factor3
快い        0.729   0.308   0.359 
嬉しい      0.701   0.069   0.113 
美しい      0.570   0.389   0.215 
新しい      0.782  -0.227  -0.253 
日本的な    0.327  -0.245   0.330 
むなしい   -0.598   0.013   0.103 
都会的な    0.518  -0.245  -0.481 
変化のある  0.184   0.780  -0.325 
秩序のある  0.415  -0.683   0.004 
安心な      0.696  -0.146  -0.010 

               Factor1 Factor2 Factor3
SS loadings      3.383   1.519   0.708
Proportion Var   0.338   0.152   0.071
Cumulative Var   0.338   0.490   0.561

Test of the hypothesis that 3 factors are sufficient.
The chi square statistic is 45.49 on 18 degrees of freedom.
The p-value is 0.000352 
> 
